Archive member included to satisfy reference by file (symbol)

c:/program files (x86)/atmel/studio/7.0/toolchain/avr8/avr8-gnu-toolchain/bin/../lib/gcc/avr/5.4.0/avr5\libgcc.a(_exit.o)
                              C:/Program Files (x86)/Atmel/Studio/7.0/Packs/atmel/ATmega_DFP/1.7.374/gcc/dev/atmega32a/avr5/crtatmega32a.o (exit)
c:/program files (x86)/atmel/studio/7.0/toolchain/avr8/avr8-gnu-toolchain/bin/../lib/gcc/avr/5.4.0/avr5\libgcc.a(_copy_data.o)
                              APP/app.o (__do_copy_data)
c:/program files (x86)/atmel/studio/7.0/toolchain/avr8/avr8-gnu-toolchain/bin/../lib/gcc/avr/5.4.0/avr5\libgcc.a(_clear_bss.o)
                              APP/app.o (__do_clear_bss)

Allocating common symbols
Common symbol       size              file

u8_g_SlaveReceive   0x1               MCAL/spi/spi_program.o
u8_g_SlaveRxLen     0x1               MCAL/spi/spi_program.o
arrStr              0x14              APP/app.o
u8_g_SlaveTxLen     0x1               MCAL/spi/spi_program.o
pan_arr             0x14              APP/app.o

Discarded input sections

 .data          0x00000000        0x0 C:/Program Files (x86)/Atmel/Studio/7.0/Packs/atmel/ATmega_DFP/1.7.374/gcc/dev/atmega32a/avr5/crtatmega32a.o
 .bss           0x00000000        0x0 C:/Program Files (x86)/Atmel/Studio/7.0/Packs/atmel/ATmega_DFP/1.7.374/gcc/dev/atmega32a/avr5/crtatmega32a.o
 .text          0x00000000        0x0 APP/app.o
 .data          0x00000000        0x0 APP/app.o
 .bss           0x00000000        0x0 APP/app.o
 .rodata.str1.1
                0x00000000       0xbf APP/app.o
 .text.APP_terminalPinGet
                0x00000000       0x76 APP/app.o
 .text.APP_terminalPanGet
                0x00000000       0x5c APP/app.o
 COMMON         0x00000000       0x28 APP/app.o
 .text          0x00000000        0x0 ECUAL/hspi/hspi_program.o
 .data          0x00000000        0x0 ECUAL/hspi/hspi_program.o
 .bss           0x00000000        0x0 ECUAL/hspi/hspi_program.o
 .text.HSPI_MasterInit
                0x00000000       0x2e ECUAL/hspi/hspi_program.o
 .text.HSPI_SlaveInit
                0x00000000       0x3e ECUAL/hspi/hspi_program.o
 .text.HSPI_SendChar
                0x00000000       0x34 ECUAL/hspi/hspi_program.o
 .text.HSPI_SendString
                0x00000000       0x26 ECUAL/hspi/hspi_program.o
 .text.HSPI_SendData
                0x00000000       0x5c ECUAL/hspi/hspi_program.o
 .text.HSPI_ReceiveChar
                0x00000000       0x4a ECUAL/hspi/hspi_program.o
 .text.HSPI_ReceiveData
                0x00000000       0x62 ECUAL/hspi/hspi_program.o
 .text.HSPI_ExchangeData
                0x00000000       0x6a ECUAL/hspi/hspi_program.o
 .text.HSPI_SlaveRequest
                0x00000000       0x18 ECUAL/hspi/hspi_program.o
 .debug_info    0x00000000      0x761 ECUAL/hspi/hspi_program.o
 .debug_abbrev  0x00000000      0x162 ECUAL/hspi/hspi_program.o
 .debug_loc     0x00000000      0x5af ECUAL/hspi/hspi_program.o
 .debug_aranges
                0x00000000       0x60 ECUAL/hspi/hspi_program.o
 .debug_ranges  0x00000000       0x50 ECUAL/hspi/hspi_program.o
 .debug_line    0x00000000      0x32a ECUAL/hspi/hspi_program.o
 .debug_str     0x00000000      0x549 ECUAL/hspi/hspi_program.o
 .comment       0x00000000       0x31 ECUAL/hspi/hspi_program.o
 .debug_frame   0x00000000      0x150 ECUAL/hspi/hspi_program.o
 .text          0x00000000        0x0 ECUAL/husart/husart.o
 .data          0x00000000        0x0 ECUAL/husart/husart.o
 .bss           0x00000000        0x0 ECUAL/husart/husart.o
 .text.HUSART_enSendData
                0x00000000        0xa ECUAL/husart/husart.o
 .text.HUSART_enRecieveData
                0x00000000       0x14 ECUAL/husart/husart.o
 .text.HUSART_sendSTRING
                0x00000000        0x6 ECUAL/husart/husart.o
 .text.HUSART_receiveSTRING
                0x00000000        0x6 ECUAL/husart/husart.o
 .text          0x00000000        0x0 main.o
 .data          0x00000000        0x0 main.o
 .bss           0x00000000        0x0 main.o
 .text          0x00000000        0x0 MCAL/dio/dio_prog.o
 .data          0x00000000        0x0 MCAL/dio/dio_prog.o
 .bss           0x00000000        0x0 MCAL/dio/dio_prog.o
 .text.DIO_s8SETPortDir
                0x00000000       0x4e MCAL/dio/dio_prog.o
 .text.DIO_s8SETPortVal
                0x00000000       0x20 MCAL/dio/dio_prog.o
 .text.DIO_s8GETPortVal
                0x00000000       0x24 MCAL/dio/dio_prog.o
 .text.DIO_s8SETPinDir
                0x00000000       0x80 MCAL/dio/dio_prog.o
 .text.DIO_s8SETPinVal
                0x00000000       0x80 MCAL/dio/dio_prog.o
 .text.DIO_s8TOGPinVal
                0x00000000       0x3e MCAL/dio/dio_prog.o
 .text.DIO_s8GETPinVal
                0x00000000       0x3e MCAL/dio/dio_prog.o
 .data.pinReg   0x00000000        0x8 MCAL/dio/dio_prog.o
 .data.ddrReg   0x00000000        0x8 MCAL/dio/dio_prog.o
 .data.portReg  0x00000000        0x8 MCAL/dio/dio_prog.o
 .debug_info    0x00000000      0x4ce MCAL/dio/dio_prog.o
 .debug_abbrev  0x00000000       0xd6 MCAL/dio/dio_prog.o
 .debug_loc     0x00000000      0x546 MCAL/dio/dio_prog.o
 .debug_aranges
                0x00000000       0x50 MCAL/dio/dio_prog.o
 .debug_ranges  0x00000000       0x40 MCAL/dio/dio_prog.o
 .debug_line    0x00000000      0x264 MCAL/dio/dio_prog.o
 .debug_str     0x00000000      0x46e MCAL/dio/dio_prog.o
 .comment       0x00000000       0x31 MCAL/dio/dio_prog.o
 .debug_frame   0x00000000       0x84 MCAL/dio/dio_prog.o
 .text          0x00000000        0x0 MCAL/spi/spi_program.o
 .data          0x00000000        0x0 MCAL/spi/spi_program.o
 .bss           0x00000000        0x0 MCAL/spi/spi_program.o
 .text.SPI_MasterInit
                0x00000000       0x30 MCAL/spi/spi_program.o
 .text.SPI_SlaveInit
                0x00000000       0x20 MCAL/spi/spi_program.o
 .text.SPI_SetValue
                0x00000000        0x4 MCAL/spi/spi_program.o
 .text.SPI_TranscieveChar
                0x00000000       0x4c MCAL/spi/spi_program.o
 .text.SPI_SetCallback
                0x00000000       0x14 MCAL/spi/spi_program.o
 .bss.SPI_CallbackFn
                0x00000000        0x2 MCAL/spi/spi_program.o
 .text          0x00000000        0x0 MCAL/usart/usart.o
 .data          0x00000000        0x0 MCAL/usart/usart.o
 .bss           0x00000000        0x0 MCAL/usart/usart.o
 .text.USART_sendData
                0x00000000        0xa MCAL/usart/usart.o
 .text.USART_receiveData
                0x00000000        0x8 MCAL/usart/usart.o
 .text.USART_sendSTRING
                0x00000000       0x26 MCAL/usart/usart.o
 .text.USART_receiveSTRING
                0x00000000       0x48 MCAL/usart/usart.o
 .text          0x00000000        0x0 c:/program files (x86)/atmel/studio/7.0/toolchain/avr8/avr8-gnu-toolchain/bin/../lib/gcc/avr/5.4.0/avr5\libgcc.a(_exit.o)
 .data          0x00000000        0x0 c:/program files (x86)/atmel/studio/7.0/toolchain/avr8/avr8-gnu-toolchain/bin/../lib/gcc/avr/5.4.0/avr5\libgcc.a(_exit.o)
 .bss           0x00000000        0x0 c:/program files (x86)/atmel/studio/7.0/toolchain/avr8/avr8-gnu-toolchain/bin/../lib/gcc/avr/5.4.0/avr5\libgcc.a(_exit.o)
 .text.libgcc.mul
                0x00000000        0x0 c:/program files (x86)/atmel/studio/7.0/toolchain/avr8/avr8-gnu-toolchain/bin/../lib/gcc/avr/5.4.0/avr5\libgcc.a(_exit.o)
 .text.libgcc.div
                0x00000000        0x0 c:/program files (x86)/atmel/studio/7.0/toolchain/avr8/avr8-gnu-toolchain/bin/../lib/gcc/avr/5.4.0/avr5\libgcc.a(_exit.o)
 .text.libgcc   0x00000000        0x0 c:/program files (x86)/atmel/studio/7.0/toolchain/avr8/avr8-gnu-toolchain/bin/../lib/gcc/avr/5.4.0/avr5\libgcc.a(_exit.o)
 .text.libgcc.prologue
                0x00000000        0x0 c:/program files (x86)/atmel/studio/7.0/toolchain/avr8/avr8-gnu-toolchain/bin/../lib/gcc/avr/5.4.0/avr5\libgcc.a(_exit.o)
 .text.libgcc.builtins
                0x00000000        0x0 c:/program files (x86)/atmel/studio/7.0/toolchain/avr8/avr8-gnu-toolchain/bin/../lib/gcc/avr/5.4.0/avr5\libgcc.a(_exit.o)
 .text.libgcc.fmul
                0x00000000        0x0 c:/program files (x86)/atmel/studio/7.0/toolchain/avr8/avr8-gnu-toolchain/bin/../lib/gcc/avr/5.4.0/avr5\libgcc.a(_exit.o)
 .text.libgcc.fixed
                0x00000000        0x0 c:/program files (x86)/atmel/studio/7.0/toolchain/avr8/avr8-gnu-toolchain/bin/../lib/gcc/avr/5.4.0/avr5\libgcc.a(_exit.o)
 .text          0x00000000        0x0 c:/program files (x86)/atmel/studio/7.0/toolchain/avr8/avr8-gnu-toolchain/bin/../lib/gcc/avr/5.4.0/avr5\libgcc.a(_copy_data.o)
 .data          0x00000000        0x0 c:/program files (x86)/atmel/studio/7.0/toolchain/avr8/avr8-gnu-toolchain/bin/../lib/gcc/avr/5.4.0/avr5\libgcc.a(_copy_data.o)
 .bss           0x00000000        0x0 c:/program files (x86)/atmel/studio/7.0/toolchain/avr8/avr8-gnu-toolchain/bin/../lib/gcc/avr/5.4.0/avr5\libgcc.a(_copy_data.o)
 .text.libgcc.mul
                0x00000000        0x0 c:/program files (x86)/atmel/studio/7.0/toolchain/avr8/avr8-gnu-toolchain/bin/../lib/gcc/avr/5.4.0/avr5\libgcc.a(_copy_data.o)
 .text.libgcc.div
                0x00000000        0x0 c:/program files (x86)/atmel/studio/7.0/toolchain/avr8/avr8-gnu-toolchain/bin/../lib/gcc/avr/5.4.0/avr5\libgcc.a(_copy_data.o)
 .text.libgcc   0x00000000        0x0 c:/program files (x86)/atmel/studio/7.0/toolchain/avr8/avr8-gnu-toolchain/bin/../lib/gcc/avr/5.4.0/avr5\libgcc.a(_copy_data.o)
 .text.libgcc.prologue
                0x00000000        0x0 c:/program files (x86)/atmel/studio/7.0/toolchain/avr8/avr8-gnu-toolchain/bin/../lib/gcc/avr/5.4.0/avr5\libgcc.a(_copy_data.o)
 .text.libgcc.builtins
                0x00000000        0x0 c:/program files (x86)/atmel/studio/7.0/toolchain/avr8/avr8-gnu-toolchain/bin/../lib/gcc/avr/5.4.0/avr5\libgcc.a(_copy_data.o)
 .text.libgcc.fmul
                0x00000000        0x0 c:/program files (x86)/atmel/studio/7.0/toolchain/avr8/avr8-gnu-toolchain/bin/../lib/gcc/avr/5.4.0/avr5\libgcc.a(_copy_data.o)
 .text.libgcc.fixed
                0x00000000        0x0 c:/program files (x86)/atmel/studio/7.0/toolchain/avr8/avr8-gnu-toolchain/bin/../lib/gcc/avr/5.4.0/avr5\libgcc.a(_copy_data.o)
 .text          0x00000000        0x0 c:/program files (x86)/atmel/studio/7.0/toolchain/avr8/avr8-gnu-toolchain/bin/../lib/gcc/avr/5.4.0/avr5\libgcc.a(_clear_bss.o)
 .data          0x00000000        0x0 c:/program files (x86)/atmel/studio/7.0/toolchain/avr8/avr8-gnu-toolchain/bin/../lib/gcc/avr/5.4.0/avr5\libgcc.a(_clear_bss.o)
 .bss           0x00000000        0x0 c:/program files (x86)/atmel/studio/7.0/toolchain/avr8/avr8-gnu-toolchain/bin/../lib/gcc/avr/5.4.0/avr5\libgcc.a(_clear_bss.o)
 .text.libgcc.mul
                0x00000000        0x0 c:/program files (x86)/atmel/studio/7.0/toolchain/avr8/avr8-gnu-toolchain/bin/../lib/gcc/avr/5.4.0/avr5\libgcc.a(_clear_bss.o)
 .text.libgcc.div
                0x00000000        0x0 c:/program files (x86)/atmel/studio/7.0/toolchain/avr8/avr8-gnu-toolchain/bin/../lib/gcc/avr/5.4.0/avr5\libgcc.a(_clear_bss.o)
 .text.libgcc   0x00000000        0x0 c:/program files (x86)/atmel/studio/7.0/toolchain/avr8/avr8-gnu-toolchain/bin/../lib/gcc/avr/5.4.0/avr5\libgcc.a(_clear_bss.o)
 .text.libgcc.prologue
                0x00000000        0x0 c:/program files (x86)/atmel/studio/7.0/toolchain/avr8/avr8-gnu-toolchain/bin/../lib/gcc/avr/5.4.0/avr5\libgcc.a(_clear_bss.o)
 .text.libgcc.builtins
                0x00000000        0x0 c:/program files (x86)/atmel/studio/7.0/toolchain/avr8/avr8-gnu-toolchain/bin/../lib/gcc/avr/5.4.0/avr5\libgcc.a(_clear_bss.o)
 .text.libgcc.fmul
                0x00000000        0x0 c:/program files (x86)/atmel/studio/7.0/toolchain/avr8/avr8-gnu-toolchain/bin/../lib/gcc/avr/5.4.0/avr5\libgcc.a(_clear_bss.o)
 .text.libgcc.fixed
                0x00000000        0x0 c:/program files (x86)/atmel/studio/7.0/toolchain/avr8/avr8-gnu-toolchain/bin/../lib/gcc/avr/5.4.0/avr5\libgcc.a(_clear_bss.o)

Memory Configuration

Name             Origin             Length             Attributes
text             0x00000000         0x00008000         xr
data             0x00800060         0x00000800         rw !x
eeprom           0x00810000         0x00000400         rw !x
fuse             0x00820000         0x00000002         rw !x
lock             0x00830000         0x00000400         rw !x
signature        0x00840000         0x00000400         rw !x
user_signatures  0x00850000         0x00000400         rw !x
*default*        0x00000000         0xffffffff

Linker script and memory map

LOAD C:/Program Files (x86)/Atmel/Studio/7.0/Packs/atmel/ATmega_DFP/1.7.374/gcc/dev/atmega32a/avr5/crtatmega32a.o
LOAD APP/app.o
LOAD ECUAL/hspi/hspi_program.o
LOAD ECUAL/husart/husart.o
LOAD main.o
LOAD MCAL/dio/dio_prog.o
LOAD MCAL/spi/spi_program.o
LOAD MCAL/usart/usart.o
START GROUP
LOAD c:/program files (x86)/atmel/studio/7.0/toolchain/avr8/avr8-gnu-toolchain/bin/../lib/gcc/avr/5.4.0/../../../../avr/lib/avr5\libm.a
END GROUP
START GROUP
LOAD c:/program files (x86)/atmel/studio/7.0/toolchain/avr8/avr8-gnu-toolchain/bin/../lib/gcc/avr/5.4.0/avr5\libgcc.a
LOAD c:/program files (x86)/atmel/studio/7.0/toolchain/avr8/avr8-gnu-toolchain/bin/../lib/gcc/avr/5.4.0/../../../../avr/lib/avr5\libm.a
LOAD c:/program files (x86)/atmel/studio/7.0/toolchain/avr8/avr8-gnu-toolchain/bin/../lib/gcc/avr/5.4.0/../../../../avr/lib/avr5\libc.a
LOAD C:/Program Files (x86)/Atmel/Studio/7.0/Packs/atmel/ATmega_DFP/1.7.374/gcc/dev/atmega32a/avr5\libatmega32a.a
END GROUP
                [0x00000000]                __TEXT_REGION_ORIGIN__ = DEFINED (__TEXT_REGION_ORIGIN__)?__TEXT_REGION_ORIGIN__:0x0
                [0x00800060]                __DATA_REGION_ORIGIN__ = DEFINED (__DATA_REGION_ORIGIN__)?__DATA_REGION_ORIGIN__:0x800060
                [0x00008000]                __TEXT_REGION_LENGTH__ = DEFINED (__TEXT_REGION_LENGTH__)?__TEXT_REGION_LENGTH__:0x20000
                [0x00000800]                __DATA_REGION_LENGTH__ = DEFINED (__DATA_REGION_LENGTH__)?__DATA_REGION_LENGTH__:0xffa0
                [0x00000400]                __EEPROM_REGION_LENGTH__ = DEFINED (__EEPROM_REGION_LENGTH__)?__EEPROM_REGION_LENGTH__:0x10000
                [0x00000002]                __FUSE_REGION_LENGTH__ = DEFINED (__FUSE_REGION_LENGTH__)?__FUSE_REGION_LENGTH__:0x400
                0x00000400                __LOCK_REGION_LENGTH__ = DEFINED (__LOCK_REGION_LENGTH__)?__LOCK_REGION_LENGTH__:0x400
                0x00000400                __SIGNATURE_REGION_LENGTH__ = DEFINED (__SIGNATURE_REGION_LENGTH__)?__SIGNATURE_REGION_LENGTH__:0x400
                0x00000400                __USER_SIGNATURE_REGION_LENGTH__ = DEFINED (__USER_SIGNATURE_REGION_LENGTH__)?__USER_SIGNATURE_REGION_LENGTH__:0x400

.hash
 *(.hash)

.dynsym
 *(.dynsym)

.dynstr
 *(.dynstr)

.gnu.version
 *(.gnu.version)

.gnu.version_d
 *(.gnu.version_d)

.gnu.version_r
 *(.gnu.version_r)

.rel.init
 *(.rel.init)

.rela.init
 *(.rela.init)

.rel.text
 *(.rel.text)
 *(.rel.text.*)
 *(.rel.gnu.linkonce.t*)

.rela.text
 *(.rela.text)
 *(.rela.text.*)
 *(.rela.gnu.linkonce.t*)

.rel.fini
 *(.rel.fini)

.rela.fini
 *(.rela.fini)

.rel.rodata
 *(.rel.rodata)
 *(.rel.rodata.*)
 *(.rel.gnu.linkonce.r*)

.rela.rodata
 *(.rela.rodata)
 *(.rela.rodata.*)
 *(.rela.gnu.linkonce.r*)

.rel.data
 *(.rel.data)
 *(.rel.data.*)
 *(.rel.gnu.linkonce.d*)

.rela.data
 *(.rela.data)
 *(.rela.data.*)
 *(.rela.gnu.linkonce.d*)

.rel.ctors
 *(.rel.ctors)

.rela.ctors
 *(.rela.ctors)

.rel.dtors
 *(.rel.dtors)

.rela.dtors
 *(.rela.dtors)

.rel.got
 *(.rel.got)

.rela.got
 *(.rela.got)

.rel.bss
 *(.rel.bss)

.rela.bss
 *(.rela.bss)

.rel.plt
 *(.rel.plt)

.rela.plt
 *(.rela.plt)

.text           0x00000000      0x160
 *(.vectors)
 .vectors       0x00000000       0x54 C:/Program Files (x86)/Atmel/Studio/7.0/Packs/atmel/ATmega_DFP/1.7.374/gcc/dev/atmega32a/avr5/crtatmega32a.o
                0x00000000                __vector_default
                0x00000000                __vectors
 *(.vectors)
 *(.progmem.gcc*)
                0x00000054                . = ALIGN (0x2)
                0x00000054                __trampolines_start = .
 *(.trampolines)
 .trampolines   0x00000054        0x0 linker stubs
 *(.trampolines*)
                0x00000054                __trampolines_end = .
 *libprintf_flt.a:*(.progmem.data)
 *libc.a:*(.progmem.data)
 *(.progmem*)
                0x00000054                . = ALIGN (0x2)
 *(.jumptables)
 *(.jumptables*)
 *(.lowtext)
 *(.lowtext*)
                0x00000054                __ctors_start = .
 *(.ctors)
                0x00000054                __ctors_end = .
                0x00000054                __dtors_start = .
 *(.dtors)
                0x00000054                __dtors_end = .
 SORT(*)(.ctors)
 SORT(*)(.dtors)
 *(.init0)
 .init0         0x00000054        0x0 C:/Program Files (x86)/Atmel/Studio/7.0/Packs/atmel/ATmega_DFP/1.7.374/gcc/dev/atmega32a/avr5/crtatmega32a.o
                0x00000054                __init
 *(.init0)
 *(.init1)
 *(.init1)
 *(.init2)
 .init2         0x00000054        0xc C:/Program Files (x86)/Atmel/Studio/7.0/Packs/atmel/ATmega_DFP/1.7.374/gcc/dev/atmega32a/avr5/crtatmega32a.o
 *(.init2)
 *(.init3)
 *(.init3)
 *(.init4)
 .init4         0x00000060       0x16 c:/program files (x86)/atmel/studio/7.0/toolchain/avr8/avr8-gnu-toolchain/bin/../lib/gcc/avr/5.4.0/avr5\libgcc.a(_copy_data.o)
                0x00000060                __do_copy_data
 .init4         0x00000076       0x10 c:/program files (x86)/atmel/studio/7.0/toolchain/avr8/avr8-gnu-toolchain/bin/../lib/gcc/avr/5.4.0/avr5\libgcc.a(_clear_bss.o)
                0x00000076                __do_clear_bss
 *(.init4)
 *(.init5)
 *(.init5)
 *(.init6)
 *(.init6)
 *(.init7)
 *(.init7)
 *(.init8)
 *(.init8)
 *(.init9)
 .init9         0x00000086        0x8 C:/Program Files (x86)/Atmel/Studio/7.0/Packs/atmel/ATmega_DFP/1.7.374/gcc/dev/atmega32a/avr5/crtatmega32a.o
 *(.init9)
 *(.text)
 .text          0x0000008e        0x4 C:/Program Files (x86)/Atmel/Studio/7.0/Packs/atmel/ATmega_DFP/1.7.374/gcc/dev/atmega32a/avr5/crtatmega32a.o
                0x0000008e                __vector_1
                0x0000008e                __bad_interrupt
                0x0000008e                __vector_6
                0x0000008e                __vector_3
                0x0000008e                __vector_11
                0x0000008e                __vector_13
                0x0000008e                __vector_17
                0x0000008e                __vector_19
                0x0000008e                __vector_7
                0x0000008e                __vector_5
                0x0000008e                __vector_4
                0x0000008e                __vector_9
                0x0000008e                __vector_2
                0x0000008e                __vector_15
                0x0000008e                __vector_8
                0x0000008e                __vector_14
                0x0000008e                __vector_10
                0x0000008e                __vector_16
                0x0000008e                __vector_18
                0x0000008e                __vector_20
                0x00000092                . = ALIGN (0x2)
 *(.text.*)
 .text.APP_Init
                0x00000092        0x6 APP/app.o
                0x00000092                APP_Init
 .text.APP_Start
                0x00000098        0x2 APP/app.o
                0x00000098                APP_Start
 .text.HUSART_enInit
                0x0000009a        0xa ECUAL/husart/husart.o
                0x0000009a                HUSART_enInit
 .text.main     0x000000a4        0xa main.o
                0x000000a4                main
 .text.__vector_12
                0x000000ae       0x96 MCAL/spi/spi_program.o
                0x000000ae                __vector_12
 .text.USART_init
                0x00000144       0x18 MCAL/usart/usart.o
                0x00000144                USART_init
                0x0000015c                . = ALIGN (0x2)
 *(.fini9)
 .fini9         0x0000015c        0x0 c:/program files (x86)/atmel/studio/7.0/toolchain/avr8/avr8-gnu-toolchain/bin/../lib/gcc/avr/5.4.0/avr5\libgcc.a(_exit.o)
                0x0000015c                _exit
                0x0000015c                exit
 *(.fini9)
 *(.fini8)
 *(.fini8)
 *(.fini7)
 *(.fini7)
 *(.fini6)
 *(.fini6)
 *(.fini5)
 *(.fini5)
 *(.fini4)
 *(.fini4)
 *(.fini3)
 *(.fini3)
 *(.fini2)
 *(.fini2)
 *(.fini1)
 *(.fini1)
 *(.fini0)
 .fini0         0x0000015c        0x4 c:/program files (x86)/atmel/studio/7.0/toolchain/avr8/avr8-gnu-toolchain/bin/../lib/gcc/avr/5.4.0/avr5\libgcc.a(_exit.o)
 *(.fini0)
                0x00000160                _etext = .

.data           0x00800060        0x0 load address 0x00000160
                0x00800060                PROVIDE (__data_start, .)
 *(.data)
 *(.data*)
 *(.gnu.linkonce.d*)
 *(.rodata)
 *(.rodata*)
 *(.gnu.linkonce.r*)
                0x00800060                . = ALIGN (0x2)
                0x00800060                _edata = .
                0x00800060                PROVIDE (__data_end, .)

.bss            0x00800060       0x16
                0x00800060                PROVIDE (__bss_start, .)
 *(.bss)
 *(.bss*)
 .bss.arr_g_SlaveRxBuffer
                0x00800060        0xf MCAL/spi/spi_program.o
                0x00800060                arr_g_SlaveRxBuffer
 .bss.pu8_g_SlaveTxPtr
                0x0080006f        0x2 MCAL/spi/spi_program.o
                0x0080006f                pu8_g_SlaveTxPtr
 .bss.u8_g_SlaveRxIndex
                0x00800071        0x1 MCAL/spi/spi_program.o
                0x00800071                u8_g_SlaveRxIndex
 .bss.u8_g_SlaveTxIndex
                0x00800072        0x1 MCAL/spi/spi_program.o
                0x00800072                u8_g_SlaveTxIndex
 *(COMMON)
 COMMON         0x00800073        0x3 MCAL/spi/spi_program.o
                0x00800073                u8_g_SlaveReceive
                0x00800074                u8_g_SlaveRxLen
                0x00800075                u8_g_SlaveTxLen
                0x00800076                PROVIDE (__bss_end, .)
                0x00000160                __data_load_start = LOADADDR (.data)
                0x00000160                __data_load_end = (__data_load_start + SIZEOF (.data))

.noinit         0x00800076        0x0
                [!provide]                PROVIDE (__noinit_start, .)
 *(.noinit*)
                [!provide]                PROVIDE (__noinit_end, .)
                0x00800076                _end = .
                [!provide]                PROVIDE (__heap_start, .)

.eeprom         0x00810000        0x0
 *(.eeprom*)
                0x00810000                __eeprom_end = .

.fuse
 *(.fuse)
 *(.lfuse)
 *(.hfuse)
 *(.efuse)

.lock
 *(.lock*)

.signature
 *(.signature*)

.user_signatures
 *(.user_signatures*)

.stab
 *(.stab)

.stabstr
 *(.stabstr)

.stab.excl
 *(.stab.excl)

.stab.exclstr
 *(.stab.exclstr)

.stab.index
 *(.stab.index)

.stab.indexstr
 *(.stab.indexstr)

.comment        0x00000000       0x30
 *(.comment)
 .comment       0x00000000       0x30 APP/app.o
                                 0x31 (size before relaxing)
 .comment       0x00000030       0x31 ECUAL/husart/husart.o
 .comment       0x00000030       0x31 main.o
 .comment       0x00000030       0x31 MCAL/spi/spi_program.o
 .comment       0x00000030       0x31 MCAL/usart/usart.o

.note.gnu.avr.deviceinfo
                0x00000000       0x3c
 .note.gnu.avr.deviceinfo
                0x00000000       0x3c C:/Program Files (x86)/Atmel/Studio/7.0/Packs/atmel/ATmega_DFP/1.7.374/gcc/dev/atmega32a/avr5/crtatmega32a.o

.note.gnu.build-id
 *(.note.gnu.build-id)

.debug
 *(.debug)

.line
 *(.line)

.debug_srcinfo
 *(.debug_srcinfo)

.debug_sfnames
 *(.debug_sfnames)

.debug_aranges  0x00000000      0x120
 *(.debug_aranges)
 .debug_aranges
                0x00000000       0x38 APP/app.o
 .debug_aranges
                0x00000038       0x40 ECUAL/husart/husart.o
 .debug_aranges
                0x00000078       0x20 main.o
 .debug_aranges
                0x00000098       0x48 MCAL/spi/spi_program.o
 .debug_aranges
                0x000000e0       0x40 MCAL/usart/usart.o

.debug_pubnames
 *(.debug_pubnames)

.debug_info     0x00000000      0xfb4
 *(.debug_info .gnu.linkonce.wi.*)
 .debug_info    0x00000000      0x4e6 C:/Program Files (x86)/Atmel/Studio/7.0/Packs/atmel/ATmega_DFP/1.7.374/gcc/dev/atmega32a/avr5/crtatmega32a.o
 .debug_info    0x000004e6      0x33a APP/app.o
 .debug_info    0x00000820      0x22c ECUAL/husart/husart.o
 .debug_info    0x00000a4c       0xca main.o
 .debug_info    0x00000b16      0x2e2 MCAL/spi/spi_program.o
 .debug_info    0x00000df8      0x1bc MCAL/usart/usart.o

.debug_abbrev   0x00000000      0x99f
 *(.debug_abbrev)
 .debug_abbrev  0x00000000      0x4a3 C:/Program Files (x86)/Atmel/Studio/7.0/Packs/atmel/ATmega_DFP/1.7.374/gcc/dev/atmega32a/avr5/crtatmega32a.o
 .debug_abbrev  0x000004a3      0x12a APP/app.o
 .debug_abbrev  0x000005cd       0xf1 ECUAL/husart/husart.o
 .debug_abbrev  0x000006be       0x68 main.o
 .debug_abbrev  0x00000726      0x17d MCAL/spi/spi_program.o
 .debug_abbrev  0x000008a3       0xfc MCAL/usart/usart.o

.debug_line     0x00000000      0x82e
 *(.debug_line .debug_line.* .debug_line_end)
 .debug_line    0x00000000      0x116 C:/Program Files (x86)/Atmel/Studio/7.0/Packs/atmel/ATmega_DFP/1.7.374/gcc/dev/atmega32a/avr5/crtatmega32a.o
 .debug_line    0x00000116      0x191 APP/app.o
 .debug_line    0x000002a7      0x10e ECUAL/husart/husart.o
 .debug_line    0x000003b5       0x59 main.o
 .debug_line    0x0000040e      0x2bf MCAL/spi/spi_program.o
 .debug_line    0x000006cd      0x161 MCAL/usart/usart.o

.debug_frame    0x00000000      0x228
 *(.debug_frame)
 .debug_frame   0x00000000       0x70 APP/app.o
 .debug_frame   0x00000070       0x70 ECUAL/husart/husart.o
 .debug_frame   0x000000e0       0x24 main.o
 .debug_frame   0x00000104       0x9c MCAL/spi/spi_program.o
 .debug_frame   0x000001a0       0x88 MCAL/usart/usart.o

.debug_str      0x00000000      0x6a1
 *(.debug_str)
 .debug_str     0x00000000      0x196 C:/Program Files (x86)/Atmel/Studio/7.0/Packs/atmel/ATmega_DFP/1.7.374/gcc/dev/atmega32a/avr5/crtatmega32a.o
 .debug_str     0x00000196      0x265 APP/app.o
                                0x2a8 (size before relaxing)
 .debug_str     0x000003fb       0xb5 ECUAL/husart/husart.o
                                0x297 (size before relaxing)
 .debug_str     0x000004b0       0x11 main.o
                                0x1a3 (size before relaxing)
 .debug_str     0x000004c1      0x1c2 MCAL/spi/spi_program.o
                                0x35c (size before relaxing)
 .debug_str     0x00000683       0x1e MCAL/usart/usart.o
                                0x230 (size before relaxing)

.debug_loc      0x00000000      0x5e3
 *(.debug_loc)
 .debug_loc     0x00000000      0x1c6 APP/app.o
 .debug_loc     0x000001c6       0xf3 ECUAL/husart/husart.o
 .debug_loc     0x000002b9      0x1a5 MCAL/spi/spi_program.o
 .debug_loc     0x0000045e      0x185 MCAL/usart/usart.o

.debug_macinfo
 *(.debug_macinfo)

.debug_weaknames
 *(.debug_weaknames)

.debug_funcnames
 *(.debug_funcnames)

.debug_typenames
 *(.debug_typenames)

.debug_varnames
 *(.debug_varnames)

.debug_pubtypes
 *(.debug_pubtypes)

.debug_ranges   0x00000000       0xd0
 *(.debug_ranges)
 .debug_ranges  0x00000000       0x28 APP/app.o
 .debug_ranges  0x00000028       0x30 ECUAL/husart/husart.o
 .debug_ranges  0x00000058       0x10 main.o
 .debug_ranges  0x00000068       0x38 MCAL/spi/spi_program.o
 .debug_ranges  0x000000a0       0x30 MCAL/usart/usart.o

.debug_macro
 *(.debug_macro)
OUTPUT(CARD_MCU.elf elf32-avr)
LOAD linker stubs
