Archive member included to satisfy reference by file (symbol)

c:/program files (x86)/atmel/studio/7.0/toolchain/avr8/avr8-gnu-toolchain/bin/../lib/gcc/avr/5.4.0/../../../../avr/lib/avr5\libm.a(addsf3.o)
                              ATM_MODULE/database_check.o (__subsf3)
c:/program files (x86)/atmel/studio/7.0/toolchain/avr8/avr8-gnu-toolchain/bin/../lib/gcc/avr/5.4.0/../../../../avr/lib/avr5\libm.a(addsf3x.o)
                              c:/program files (x86)/atmel/studio/7.0/toolchain/avr8/avr8-gnu-toolchain/bin/../lib/gcc/avr/5.4.0/../../../../avr/lib/avr5\libm.a(addsf3.o) (__addsf3x)
c:/program files (x86)/atmel/studio/7.0/toolchain/avr8/avr8-gnu-toolchain/bin/../lib/gcc/avr/5.4.0/../../../../avr/lib/avr5\libm.a(cmpsf2.o)
                              ATM_MODULE/database_check.o (__lesf2)
c:/program files (x86)/atmel/studio/7.0/toolchain/avr8/avr8-gnu-toolchain/bin/../lib/gcc/avr/5.4.0/../../../../avr/lib/avr5\libm.a(divsf3.o)
                              ECUAL/htimer0/htimer0.o (__divsf3)
c:/program files (x86)/atmel/studio/7.0/toolchain/avr8/avr8-gnu-toolchain/bin/../lib/gcc/avr/5.4.0/../../../../avr/lib/avr5\libm.a(divsf3x.o)
                              c:/program files (x86)/atmel/studio/7.0/toolchain/avr8/avr8-gnu-toolchain/bin/../lib/gcc/avr/5.4.0/../../../../avr/lib/avr5\libm.a(divsf3.o) (__divsf3x)
c:/program files (x86)/atmel/studio/7.0/toolchain/avr8/avr8-gnu-toolchain/bin/../lib/gcc/avr/5.4.0/../../../../avr/lib/avr5\libm.a(fixunssfsi.o)
                              ECUAL/htimer0/htimer0.o (__fixunssfsi)
c:/program files (x86)/atmel/studio/7.0/toolchain/avr8/avr8-gnu-toolchain/bin/../lib/gcc/avr/5.4.0/../../../../avr/lib/avr5\libm.a(floatsisf.o)
                              ECUAL/htimer0/htimer0.o (__floatunsisf)
c:/program files (x86)/atmel/studio/7.0/toolchain/avr8/avr8-gnu-toolchain/bin/../lib/gcc/avr/5.4.0/../../../../avr/lib/avr5\libm.a(fp_cmp.o)
                              c:/program files (x86)/atmel/studio/7.0/toolchain/avr8/avr8-gnu-toolchain/bin/../lib/gcc/avr/5.4.0/../../../../avr/lib/avr5\libm.a(cmpsf2.o) (__fp_cmp)
c:/program files (x86)/atmel/studio/7.0/toolchain/avr8/avr8-gnu-toolchain/bin/../lib/gcc/avr/5.4.0/../../../../avr/lib/avr5\libm.a(fp_inf.o)
                              c:/program files (x86)/atmel/studio/7.0/toolchain/avr8/avr8-gnu-toolchain/bin/../lib/gcc/avr/5.4.0/../../../../avr/lib/avr5\libm.a(addsf3x.o) (__fp_inf)
c:/program files (x86)/atmel/studio/7.0/toolchain/avr8/avr8-gnu-toolchain/bin/../lib/gcc/avr/5.4.0/../../../../avr/lib/avr5\libm.a(fp_nan.o)
                              c:/program files (x86)/atmel/studio/7.0/toolchain/avr8/avr8-gnu-toolchain/bin/../lib/gcc/avr/5.4.0/../../../../avr/lib/avr5\libm.a(addsf3x.o) (__fp_nan)
c:/program files (x86)/atmel/studio/7.0/toolchain/avr8/avr8-gnu-toolchain/bin/../lib/gcc/avr/5.4.0/../../../../avr/lib/avr5\libm.a(fp_pscA.o)
                              c:/program files (x86)/atmel/studio/7.0/toolchain/avr8/avr8-gnu-toolchain/bin/../lib/gcc/avr/5.4.0/../../../../avr/lib/avr5\libm.a(addsf3x.o) (__fp_pscA)
c:/program files (x86)/atmel/studio/7.0/toolchain/avr8/avr8-gnu-toolchain/bin/../lib/gcc/avr/5.4.0/../../../../avr/lib/avr5\libm.a(fp_pscB.o)
                              c:/program files (x86)/atmel/studio/7.0/toolchain/avr8/avr8-gnu-toolchain/bin/../lib/gcc/avr/5.4.0/../../../../avr/lib/avr5\libm.a(addsf3x.o) (__fp_pscB)
c:/program files (x86)/atmel/studio/7.0/toolchain/avr8/avr8-gnu-toolchain/bin/../lib/gcc/avr/5.4.0/../../../../avr/lib/avr5\libm.a(fp_round.o)
                              c:/program files (x86)/atmel/studio/7.0/toolchain/avr8/avr8-gnu-toolchain/bin/../lib/gcc/avr/5.4.0/../../../../avr/lib/avr5\libm.a(addsf3.o) (__fp_round)
c:/program files (x86)/atmel/studio/7.0/toolchain/avr8/avr8-gnu-toolchain/bin/../lib/gcc/avr/5.4.0/../../../../avr/lib/avr5\libm.a(fp_split3.o)
                              c:/program files (x86)/atmel/studio/7.0/toolchain/avr8/avr8-gnu-toolchain/bin/../lib/gcc/avr/5.4.0/../../../../avr/lib/avr5\libm.a(addsf3x.o) (__fp_split3)
c:/program files (x86)/atmel/studio/7.0/toolchain/avr8/avr8-gnu-toolchain/bin/../lib/gcc/avr/5.4.0/../../../../avr/lib/avr5\libm.a(fp_zero.o)
                              c:/program files (x86)/atmel/studio/7.0/toolchain/avr8/avr8-gnu-toolchain/bin/../lib/gcc/avr/5.4.0/../../../../avr/lib/avr5\libm.a(addsf3x.o) (__fp_zero)
c:/program files (x86)/atmel/studio/7.0/toolchain/avr8/avr8-gnu-toolchain/bin/../lib/gcc/avr/5.4.0/../../../../avr/lib/avr5\libm.a(mulsf3.o)
                              ECUAL/icu/sw_icu.o (__mulsf3)
c:/program files (x86)/atmel/studio/7.0/toolchain/avr8/avr8-gnu-toolchain/bin/../lib/gcc/avr/5.4.0/../../../../avr/lib/avr5\libm.a(mulsf3x.o)
                              c:/program files (x86)/atmel/studio/7.0/toolchain/avr8/avr8-gnu-toolchain/bin/../lib/gcc/avr/5.4.0/../../../../avr/lib/avr5\libm.a(mulsf3.o) (__mulsf3x)
c:/program files (x86)/atmel/studio/7.0/toolchain/avr8/avr8-gnu-toolchain/bin/../lib/gcc/avr/5.4.0/avr5\libgcc.a(_mulsi3.o)
                              ECUAL/htimer0/htimer0.o (__mulsi3)
c:/program files (x86)/atmel/studio/7.0/toolchain/avr8/avr8-gnu-toolchain/bin/../lib/gcc/avr/5.4.0/avr5\libgcc.a(_udivmodsi4.o)
                              ECUAL/lcd/lcd_program.o (__udivmodsi4)
c:/program files (x86)/atmel/studio/7.0/toolchain/avr8/avr8-gnu-toolchain/bin/../lib/gcc/avr/5.4.0/avr5\libgcc.a(_exit.o)
                              C:/Program Files (x86)/Atmel/Studio/7.0/Packs/atmel/ATmega_DFP/1.7.374/gcc/dev/atmega32a/avr5/crtatmega32a.o (exit)
c:/program files (x86)/atmel/studio/7.0/toolchain/avr8/avr8-gnu-toolchain/bin/../lib/gcc/avr/5.4.0/avr5\libgcc.a(_copy_data.o)
                              APP/app.o (__do_copy_data)
c:/program files (x86)/atmel/studio/7.0/toolchain/avr8/avr8-gnu-toolchain/bin/../lib/gcc/avr/5.4.0/avr5\libgcc.a(_clear_bss.o)
                              APP/app.o (__do_clear_bss)
c:/program files (x86)/atmel/studio/7.0/toolchain/avr8/avr8-gnu-toolchain/bin/../lib/gcc/avr/5.4.0/avr5\libgcc.a(_muluhisi3.o)
                              ECUAL/htimer0/htimer0.o (__muluhisi3)
c:/program files (x86)/atmel/studio/7.0/toolchain/avr8/avr8-gnu-toolchain/bin/../lib/gcc/avr/5.4.0/avr5\libgcc.a(_umulhisi3.o)
                              c:/program files (x86)/atmel/studio/7.0/toolchain/avr8/avr8-gnu-toolchain/bin/../lib/gcc/avr/5.4.0/avr5\libgcc.a(_muluhisi3.o) (__umulhisi3)
c:/program files (x86)/atmel/studio/7.0/toolchain/avr8/avr8-gnu-toolchain/bin/../lib/gcc/avr/5.4.0/../../../../avr/lib/avr5\libc.a(atof.o)
                              ATM_MODULE/database_check.o (atof)
c:/program files (x86)/atmel/studio/7.0/toolchain/avr8/avr8-gnu-toolchain/bin/../lib/gcc/avr/5.4.0/../../../../avr/lib/avr5\libc.a(strcmp.o)
                              APP/app.o (strcmp)
c:/program files (x86)/atmel/studio/7.0/toolchain/avr8/avr8-gnu-toolchain/bin/../lib/gcc/avr/5.4.0/../../../../avr/lib/avr5\libc.a(strcpy.o)
                              APP/app.o (strcpy)
c:/program files (x86)/atmel/studio/7.0/toolchain/avr8/avr8-gnu-toolchain/bin/../lib/gcc/avr/5.4.0/../../../../avr/lib/avr5\libc.a(itoa_ncheck.o)
                              ECUAL/lcd/lcd_program.o (__itoa_ncheck)
c:/program files (x86)/atmel/studio/7.0/toolchain/avr8/avr8-gnu-toolchain/bin/../lib/gcc/avr/5.4.0/../../../../avr/lib/avr5\libc.a(utoa_ncheck.o)
                              c:/program files (x86)/atmel/studio/7.0/toolchain/avr8/avr8-gnu-toolchain/bin/../lib/gcc/avr/5.4.0/../../../../avr/lib/avr5\libc.a(itoa_ncheck.o) (__utoa_common)
c:/program files (x86)/atmel/studio/7.0/toolchain/avr8/avr8-gnu-toolchain/bin/../lib/gcc/avr/5.4.0/../../../../avr/lib/avr5\libc.a(strtod.o)
                              c:/program files (x86)/atmel/studio/7.0/toolchain/avr8/avr8-gnu-toolchain/bin/../lib/gcc/avr/5.4.0/../../../../avr/lib/avr5\libc.a(atof.o) (strtod)
c:/program files (x86)/atmel/studio/7.0/toolchain/avr8/avr8-gnu-toolchain/bin/../lib/gcc/avr/5.4.0/../../../../avr/lib/avr5\libc.a(isspace.o)
                              c:/program files (x86)/atmel/studio/7.0/toolchain/avr8/avr8-gnu-toolchain/bin/../lib/gcc/avr/5.4.0/../../../../avr/lib/avr5\libc.a(strtod.o) (isspace)
c:/program files (x86)/atmel/studio/7.0/toolchain/avr8/avr8-gnu-toolchain/bin/../lib/gcc/avr/5.4.0/../../../../avr/lib/avr5\libc.a(strncasecmp_P.o)
                              c:/program files (x86)/atmel/studio/7.0/toolchain/avr8/avr8-gnu-toolchain/bin/../lib/gcc/avr/5.4.0/../../../../avr/lib/avr5\libc.a(strtod.o) (strncasecmp_P)
c:/program files (x86)/atmel/studio/7.0/toolchain/avr8/avr8-gnu-toolchain/bin/../lib/gcc/avr/5.4.0/../../../../avr/lib/avr5\libc.a(strrev.o)
                              c:/program files (x86)/atmel/studio/7.0/toolchain/avr8/avr8-gnu-toolchain/bin/../lib/gcc/avr/5.4.0/../../../../avr/lib/avr5\libc.a(utoa_ncheck.o) (strrev)
c:/program files (x86)/atmel/studio/7.0/toolchain/avr8/avr8-gnu-toolchain/bin/../lib/gcc/avr/5.4.0/../../../../avr/lib/avr5\libc.a(errno.o)
                              c:/program files (x86)/atmel/studio/7.0/toolchain/avr8/avr8-gnu-toolchain/bin/../lib/gcc/avr/5.4.0/../../../../avr/lib/avr5\libc.a(strtod.o) (errno)
c:/program files (x86)/atmel/studio/7.0/toolchain/avr8/avr8-gnu-toolchain/bin/../lib/gcc/avr/5.4.0/../../../../avr/lib/avr5\libc.a(cty_isfalse.o)
                              c:/program files (x86)/atmel/studio/7.0/toolchain/avr8/avr8-gnu-toolchain/bin/../lib/gcc/avr/5.4.0/../../../../avr/lib/avr5\libc.a(isspace.o) (__ctype_isfalse)
c:/program files (x86)/atmel/studio/7.0/toolchain/avr8/avr8-gnu-toolchain/bin/../lib/gcc/avr/5.4.0/avr5\libgcc.a(_prologue.o)
                              c:/program files (x86)/atmel/studio/7.0/toolchain/avr8/avr8-gnu-toolchain/bin/../lib/gcc/avr/5.4.0/../../../../avr/lib/avr5\libc.a(strtod.o) (__prologue_saves__)
c:/program files (x86)/atmel/studio/7.0/toolchain/avr8/avr8-gnu-toolchain/bin/../lib/gcc/avr/5.4.0/avr5\libgcc.a(_epilogue.o)
                              c:/program files (x86)/atmel/studio/7.0/toolchain/avr8/avr8-gnu-toolchain/bin/../lib/gcc/avr/5.4.0/../../../../avr/lib/avr5\libc.a(strtod.o) (__epilogue_restores__)

Allocating common symbols
Common symbol       size              file

u8_g_SlaveReceive   0x1               MCAL/spi/spi_program.o
errno               0x2               c:/program files (x86)/atmel/studio/7.0/toolchain/avr8/avr8-gnu-toolchain/bin/../lib/gcc/avr/5.4.0/../../../../avr/lib/avr5\libc.a(errno.o)
EnterCheck          0x1               ECUAL/icu/sw_icu.o
u8_g_SlaveRxLen     0x1               MCAL/spi/spi_program.o
u16_g_msTime        0x2               ECUAL/icu/sw_icu.o
u16_g_TimerCount    0x2               ECUAL/icu/sw_icu.o
newAMOUNT           0x4               APP/app.o
DB_CHECK            0x1               APP/app.o
CARDpin             0x8               ATM_MODULE/atm.o
buttonPressed       0x1               ATM_MODULE/atm.o
ZeroCheck           0x1               ECUAL/icu/sw_icu.o
u8_g_SlaveTxLen     0x1               MCAL/spi/spi_program.o
CARDpan             0x14              ATM_MODULE/atm.o

Discarded input sections

 .data          0x00000000        0x0 C:/Program Files (x86)/Atmel/Studio/7.0/Packs/atmel/ATmega_DFP/1.7.374/gcc/dev/atmega32a/avr5/crtatmega32a.o
 .bss           0x00000000        0x0 C:/Program Files (x86)/Atmel/Studio/7.0/Packs/atmel/ATmega_DFP/1.7.374/gcc/dev/atmega32a/avr5/crtatmega32a.o
 .text          0x00000000        0x0 APP/app.o
 .data          0x00000000        0x0 APP/app.o
 .bss           0x00000000        0x0 APP/app.o
 .text          0x00000000        0x0 ATM_MODULE/atm.o
 .data          0x00000000        0x0 ATM_MODULE/atm.o
 .bss           0x00000000        0x0 ATM_MODULE/atm.o
 .text.Card_Trigger
                0x00000000        0x8 ATM_MODULE/atm.o
 .bss.u8_g_ReceivePIN
                0x00000000        0x1 ATM_MODULE/atm.o
 .text          0x00000000        0x0 ATM_MODULE/database_check.o
 .data          0x00000000        0x0 ATM_MODULE/database_check.o
 .bss           0x00000000        0x0 ATM_MODULE/database_check.o
 .text          0x00000000        0x0 ECUAL/button/button.o
 .data          0x00000000        0x0 ECUAL/button/button.o
 .bss           0x00000000        0x0 ECUAL/button/button.o
 .text.HButton_Init
                0x00000000        0xe ECUAL/button/button.o
 .text.HButton_getPinVal
                0x00000000       0x12 ECUAL/button/button.o
 .text          0x00000000        0x0 ECUAL/buzzer/buzzer.o
 .data          0x00000000        0x0 ECUAL/buzzer/buzzer.o
 .bss           0x00000000        0x0 ECUAL/buzzer/buzzer.o
 .text          0x00000000        0x0 ECUAL/hspi/hspi_program.o
 .data          0x00000000        0x0 ECUAL/hspi/hspi_program.o
 .bss           0x00000000        0x0 ECUAL/hspi/hspi_program.o
 .text.HSPI_SlaveInit
                0x00000000       0x3e ECUAL/hspi/hspi_program.o
 .text.HSPI_SendString
                0x00000000       0x26 ECUAL/hspi/hspi_program.o
 .text.HSPI_SendData
                0x00000000       0x5c ECUAL/hspi/hspi_program.o
 .text.HSPI_ReceiveChar
                0x00000000       0x4a ECUAL/hspi/hspi_program.o
 .text.HSPI_ExchangeData
                0x00000000       0x6a ECUAL/hspi/hspi_program.o
 .text.HSPI_SlaveRequest
                0x00000000       0x18 ECUAL/hspi/hspi_program.o
 .text          0x00000000        0x0 ECUAL/htimer0/htimer0.o
 .data          0x00000000        0x0 ECUAL/htimer0/htimer0.o
 .bss           0x00000000        0x0 ECUAL/htimer0/htimer0.o
 .text.HTIM0_AsyncDelay
                0x00000000      0x158 ECUAL/htimer0/htimer0.o
 .text.HTIM0_AsyncEndDelay
                0x00000000        0xa ECUAL/htimer0/htimer0.o
 .text          0x00000000        0x0 ECUAL/HTimer/HTimer.o
 .data          0x00000000        0x0 ECUAL/HTimer/HTimer.o
 .bss           0x00000000        0x0 ECUAL/HTimer/HTimer.o
 .text          0x00000000        0x0 ECUAL/h_ext_int/h_ext_int.o
 .data          0x00000000        0x0 ECUAL/h_ext_int/h_ext_int.o
 .bss           0x00000000        0x0 ECUAL/h_ext_int/h_ext_int.o
 .text          0x00000000        0x0 ECUAL/icu/sw_icu.o
 .data          0x00000000        0x0 ECUAL/icu/sw_icu.o
 .bss           0x00000000        0x0 ECUAL/icu/sw_icu.o
 .text.EXTI2_RisingEdgeNotification
                0x00000000       0x1a ECUAL/icu/sw_icu.o
 .text.SwICU_Init
                0x00000000       0x1c ECUAL/icu/sw_icu.o
 .text.SwICU_GetTime
                0x00000000       0x3c ECUAL/icu/sw_icu.o
 .text.EXTI2_FallingEdgeNotification
                0x00000000       0x54 ECUAL/icu/sw_icu.o
 .bss.FallingEdge_CBF
                0x00000000        0x2 ECUAL/icu/sw_icu.o
 .bss.RisingEdge_CBF
                0x00000000        0x2 ECUAL/icu/sw_icu.o
 .debug_info    0x00000000      0x465 ECUAL/icu/sw_icu.o
 .debug_abbrev  0x00000000      0x127 ECUAL/icu/sw_icu.o
 .debug_loc     0x00000000       0xb7 ECUAL/icu/sw_icu.o
 .debug_aranges
                0x00000000       0x38 ECUAL/icu/sw_icu.o
 .debug_ranges  0x00000000       0x28 ECUAL/icu/sw_icu.o
 .debug_line    0x00000000      0x19b ECUAL/icu/sw_icu.o
 .debug_str     0x00000000      0x55d ECUAL/icu/sw_icu.o
 .comment       0x00000000       0x31 ECUAL/icu/sw_icu.o
 .debug_frame   0x00000000       0x74 ECUAL/icu/sw_icu.o
 COMMON         0x00000000        0x6 ECUAL/icu/sw_icu.o
 .text          0x00000000        0x0 ECUAL/keypad/keypad.o
 .data          0x00000000        0x0 ECUAL/keypad/keypad.o
 .bss           0x00000000        0x0 ECUAL/keypad/keypad.o
 .text          0x00000000        0x0 ECUAL/lcd/lcd_config.o
 .data          0x00000000        0x0 ECUAL/lcd/lcd_config.o
 .bss           0x00000000        0x0 ECUAL/lcd/lcd_config.o
 .data.arr_g_bell
                0x00000000        0x8 ECUAL/lcd/lcd_config.o
 .text          0x00000000        0x0 ECUAL/lcd/lcd_program.o
 .data          0x00000000        0x0 ECUAL/lcd/lcd_program.o
 .bss           0x00000000        0x0 ECUAL/lcd/lcd_program.o
 .text.HLCD_ShiftLeft
                0x00000000       0x14 ECUAL/lcd/lcd_program.o
 .text.HLCD_WriteInt
                0x00000000       0x3e ECUAL/lcd/lcd_program.o
 .text.HLCD_WriteArabic
                0x00000000       0x14 ECUAL/lcd/lcd_program.o
 .text.HLCD_vidCreatCustomChar
                0x00000000       0x46 ECUAL/lcd/lcd_program.o
 .text          0x00000000        0x0 main.o
 .data          0x00000000        0x0 main.o
 .bss           0x00000000        0x0 main.o
 .text          0x00000000        0x0 MCAL/dio/dio_prog.o
 .data          0x00000000        0x0 MCAL/dio/dio_prog.o
 .bss           0x00000000        0x0 MCAL/dio/dio_prog.o
 .text.DIO_s8SETPortDir
                0x00000000       0x4e MCAL/dio/dio_prog.o
 .text.DIO_s8SETPortVal
                0x00000000       0x20 MCAL/dio/dio_prog.o
 .text.DIO_s8GETPortVal
                0x00000000       0x24 MCAL/dio/dio_prog.o
 .text.DIO_s8TOGPinVal
                0x00000000       0x3e MCAL/dio/dio_prog.o
 .text          0x00000000        0x0 MCAL/extint/extinterrupt.o
 .data          0x00000000        0x0 MCAL/extint/extinterrupt.o
 .bss           0x00000000        0x0 MCAL/extint/extinterrupt.o
 .text          0x00000000        0x0 MCAL/spi/spi_program.o
 .data          0x00000000        0x0 MCAL/spi/spi_program.o
 .bss           0x00000000        0x0 MCAL/spi/spi_program.o
 .text.SPI_SlaveInit
                0x00000000       0x20 MCAL/spi/spi_program.o
 .text.SPI_SetValue
                0x00000000        0x4 MCAL/spi/spi_program.o
 .text.SPI_SetCallback
                0x00000000       0x14 MCAL/spi/spi_program.o
 .bss.SPI_CallbackFn
                0x00000000        0x2 MCAL/spi/spi_program.o
 .text          0x00000000        0x0 MCAL/timer0/tim0_program.o
 .data          0x00000000        0x0 MCAL/timer0/tim0_program.o
 .bss           0x00000000        0x0 MCAL/timer0/tim0_program.o
 .text.TIM0_EnableOVFInterrupt
                0x00000000        0x8 MCAL/timer0/tim0_program.o
 .text.TIM0_DisableOVFInterrupt
                0x00000000        0x8 MCAL/timer0/tim0_program.o
 .text.TIM0_SetOVFCallback
                0x00000000       0x14 MCAL/timer0/tim0_program.o
 .text          0x00000000        0x0 MCAL/timer1/tim1_program.o
 .data          0x00000000        0x0 MCAL/timer1/tim1_program.o
 .bss           0x00000000        0x0 MCAL/timer1/tim1_program.o
 .text.TIM1_Init
                0x00000000       0x20 MCAL/timer1/tim1_program.o
 .text.TIM1_Start
                0x00000000       0x10 MCAL/timer1/tim1_program.o
 .text.TIM1_Stop
                0x00000000        0xc MCAL/timer1/tim1_program.o
 .text.TIM1_SetValue
                0x00000000        0x6 MCAL/timer1/tim1_program.o
 .text.TIM1_GetValue
                0x00000000        0x6 MCAL/timer1/tim1_program.o
 .text.TIM1_GetTickTime
                0x00000000        0xa MCAL/timer1/tim1_program.o
 .debug_info    0x00000000      0x1f6 MCAL/timer1/tim1_program.o
 .debug_abbrev  0x00000000      0x10e MCAL/timer1/tim1_program.o
 .debug_loc     0x00000000       0x21 MCAL/timer1/tim1_program.o
 .debug_aranges
                0x00000000       0x48 MCAL/timer1/tim1_program.o
 .debug_ranges  0x00000000       0x38 MCAL/timer1/tim1_program.o
 .debug_line    0x00000000      0x134 MCAL/timer1/tim1_program.o
 .debug_str     0x00000000      0x30c MCAL/timer1/tim1_program.o
 .comment       0x00000000       0x31 MCAL/timer1/tim1_program.o
 .debug_frame   0x00000000       0x74 MCAL/timer1/tim1_program.o
 .text          0x00000000        0x0 MCAL/timer/Timer_Source.o
 .data          0x00000000        0x0 MCAL/timer/Timer_Source.o
 .bss           0x00000000        0x0 MCAL/timer/Timer_Source.o
 .text.vidTimer2_OvfIrqDisable
                0x00000000        0xa MCAL/timer/Timer_Source.o
 .text          0x00000000        0x0 c:/program files (x86)/atmel/studio/7.0/toolchain/avr8/avr8-gnu-toolchain/bin/../lib/gcc/avr/5.4.0/../../../../avr/lib/avr5\libm.a(addsf3.o)
 .data          0x00000000        0x0 c:/program files (x86)/atmel/studio/7.0/toolchain/avr8/avr8-gnu-toolchain/bin/../lib/gcc/avr/5.4.0/../../../../avr/lib/avr5\libm.a(addsf3.o)
 .bss           0x00000000        0x0 c:/program files (x86)/atmel/studio/7.0/toolchain/avr8/avr8-gnu-toolchain/bin/../lib/gcc/avr/5.4.0/../../../../avr/lib/avr5\libm.a(addsf3.o)
 .text          0x00000000        0x0 c:/program files (x86)/atmel/studio/7.0/toolchain/avr8/avr8-gnu-toolchain/bin/../lib/gcc/avr/5.4.0/../../../../avr/lib/avr5\libm.a(addsf3x.o)
 .data          0x00000000        0x0 c:/program files (x86)/atmel/studio/7.0/toolchain/avr8/avr8-gnu-toolchain/bin/../lib/gcc/avr/5.4.0/../../../../avr/lib/avr5\libm.a(addsf3x.o)
 .bss           0x00000000        0x0 c:/program files (x86)/atmel/studio/7.0/toolchain/avr8/avr8-gnu-toolchain/bin/../lib/gcc/avr/5.4.0/../../../../avr/lib/avr5\libm.a(addsf3x.o)
 .text          0x00000000        0x0 c:/program files (x86)/atmel/studio/7.0/toolchain/avr8/avr8-gnu-toolchain/bin/../lib/gcc/avr/5.4.0/../../../../avr/lib/avr5\libm.a(cmpsf2.o)
 .data          0x00000000        0x0 c:/program files (x86)/atmel/studio/7.0/toolchain/avr8/avr8-gnu-toolchain/bin/../lib/gcc/avr/5.4.0/../../../../avr/lib/avr5\libm.a(cmpsf2.o)
 .bss           0x00000000        0x0 c:/program files (x86)/atmel/studio/7.0/toolchain/avr8/avr8-gnu-toolchain/bin/../lib/gcc/avr/5.4.0/../../../../avr/lib/avr5\libm.a(cmpsf2.o)
 .text          0x00000000        0x0 c:/program files (x86)/atmel/studio/7.0/toolchain/avr8/avr8-gnu-toolchain/bin/../lib/gcc/avr/5.4.0/../../../../avr/lib/avr5\libm.a(divsf3.o)
 .data          0x00000000        0x0 c:/program files (x86)/atmel/studio/7.0/toolchain/avr8/avr8-gnu-toolchain/bin/../lib/gcc/avr/5.4.0/../../../../avr/lib/avr5\libm.a(divsf3.o)
 .bss           0x00000000        0x0 c:/program files (x86)/atmel/studio/7.0/toolchain/avr8/avr8-gnu-toolchain/bin/../lib/gcc/avr/5.4.0/../../../../avr/lib/avr5\libm.a(divsf3.o)
 .text          0x00000000        0x0 c:/program files (x86)/atmel/studio/7.0/toolchain/avr8/avr8-gnu-toolchain/bin/../lib/gcc/avr/5.4.0/../../../../avr/lib/avr5\libm.a(divsf3x.o)
 .data          0x00000000        0x0 c:/program files (x86)/atmel/studio/7.0/toolchain/avr8/avr8-gnu-toolchain/bin/../lib/gcc/avr/5.4.0/../../../../avr/lib/avr5\libm.a(divsf3x.o)
 .bss           0x00000000        0x0 c:/program files (x86)/atmel/studio/7.0/toolchain/avr8/avr8-gnu-toolchain/bin/../lib/gcc/avr/5.4.0/../../../../avr/lib/avr5\libm.a(divsf3x.o)
 .text          0x00000000        0x0 c:/program files (x86)/atmel/studio/7.0/toolchain/avr8/avr8-gnu-toolchain/bin/../lib/gcc/avr/5.4.0/../../../../avr/lib/avr5\libm.a(fixunssfsi.o)
 .data          0x00000000        0x0 c:/program files (x86)/atmel/studio/7.0/toolchain/avr8/avr8-gnu-toolchain/bin/../lib/gcc/avr/5.4.0/../../../../avr/lib/avr5\libm.a(fixunssfsi.o)
 .bss           0x00000000        0x0 c:/program files (x86)/atmel/studio/7.0/toolchain/avr8/avr8-gnu-toolchain/bin/../lib/gcc/avr/5.4.0/../../../../avr/lib/avr5\libm.a(fixunssfsi.o)
 .text          0x00000000        0x0 c:/program files (x86)/atmel/studio/7.0/toolchain/avr8/avr8-gnu-toolchain/bin/../lib/gcc/avr/5.4.0/../../../../avr/lib/avr5\libm.a(floatsisf.o)
 .data          0x00000000        0x0 c:/program files (x86)/atmel/studio/7.0/toolchain/avr8/avr8-gnu-toolchain/bin/../lib/gcc/avr/5.4.0/../../../../avr/lib/avr5\libm.a(floatsisf.o)
 .bss           0x00000000        0x0 c:/program files (x86)/atmel/studio/7.0/toolchain/avr8/avr8-gnu-toolchain/bin/../lib/gcc/avr/5.4.0/../../../../avr/lib/avr5\libm.a(floatsisf.o)
 .text          0x00000000        0x0 c:/program files (x86)/atmel/studio/7.0/toolchain/avr8/avr8-gnu-toolchain/bin/../lib/gcc/avr/5.4.0/../../../../avr/lib/avr5\libm.a(fp_cmp.o)
 .data          0x00000000        0x0 c:/program files (x86)/atmel/studio/7.0/toolchain/avr8/avr8-gnu-toolchain/bin/../lib/gcc/avr/5.4.0/../../../../avr/lib/avr5\libm.a(fp_cmp.o)
 .bss           0x00000000        0x0 c:/program files (x86)/atmel/studio/7.0/toolchain/avr8/avr8-gnu-toolchain/bin/../lib/gcc/avr/5.4.0/../../../../avr/lib/avr5\libm.a(fp_cmp.o)
 .text          0x00000000        0x0 c:/program files (x86)/atmel/studio/7.0/toolchain/avr8/avr8-gnu-toolchain/bin/../lib/gcc/avr/5.4.0/../../../../avr/lib/avr5\libm.a(fp_inf.o)
 .data          0x00000000        0x0 c:/program files (x86)/atmel/studio/7.0/toolchain/avr8/avr8-gnu-toolchain/bin/../lib/gcc/avr/5.4.0/../../../../avr/lib/avr5\libm.a(fp_inf.o)
 .bss           0x00000000        0x0 c:/program files (x86)/atmel/studio/7.0/toolchain/avr8/avr8-gnu-toolchain/bin/../lib/gcc/avr/5.4.0/../../../../avr/lib/avr5\libm.a(fp_inf.o)
 .text          0x00000000        0x0 c:/program files (x86)/atmel/studio/7.0/toolchain/avr8/avr8-gnu-toolchain/bin/../lib/gcc/avr/5.4.0/../../../../avr/lib/avr5\libm.a(fp_nan.o)
 .data          0x00000000        0x0 c:/program files (x86)/atmel/studio/7.0/toolchain/avr8/avr8-gnu-toolchain/bin/../lib/gcc/avr/5.4.0/../../../../avr/lib/avr5\libm.a(fp_nan.o)
 .bss           0x00000000        0x0 c:/program files (x86)/atmel/studio/7.0/toolchain/avr8/avr8-gnu-toolchain/bin/../lib/gcc/avr/5.4.0/../../../../avr/lib/avr5\libm.a(fp_nan.o)
 .text          0x00000000        0x0 c:/program files (x86)/atmel/studio/7.0/toolchain/avr8/avr8-gnu-toolchain/bin/../lib/gcc/avr/5.4.0/../../../../avr/lib/avr5\libm.a(fp_pscA.o)
 .data          0x00000000        0x0 c:/program files (x86)/atmel/studio/7.0/toolchain/avr8/avr8-gnu-toolchain/bin/../lib/gcc/avr/5.4.0/../../../../avr/lib/avr5\libm.a(fp_pscA.o)
 .bss           0x00000000        0x0 c:/program files (x86)/atmel/studio/7.0/toolchain/avr8/avr8-gnu-toolchain/bin/../lib/gcc/avr/5.4.0/../../../../avr/lib/avr5\libm.a(fp_pscA.o)
 .text          0x00000000        0x0 c:/program files (x86)/atmel/studio/7.0/toolchain/avr8/avr8-gnu-toolchain/bin/../lib/gcc/avr/5.4.0/../../../../avr/lib/avr5\libm.a(fp_pscB.o)
 .data          0x00000000        0x0 c:/program files (x86)/atmel/studio/7.0/toolchain/avr8/avr8-gnu-toolchain/bin/../lib/gcc/avr/5.4.0/../../../../avr/lib/avr5\libm.a(fp_pscB.o)
 .bss           0x00000000        0x0 c:/program files (x86)/atmel/studio/7.0/toolchain/avr8/avr8-gnu-toolchain/bin/../lib/gcc/avr/5.4.0/../../../../avr/lib/avr5\libm.a(fp_pscB.o)
 .text          0x00000000        0x0 c:/program files (x86)/atmel/studio/7.0/toolchain/avr8/avr8-gnu-toolchain/bin/../lib/gcc/avr/5.4.0/../../../../avr/lib/avr5\libm.a(fp_round.o)
 .data          0x00000000        0x0 c:/program files (x86)/atmel/studio/7.0/toolchain/avr8/avr8-gnu-toolchain/bin/../lib/gcc/avr/5.4.0/../../../../avr/lib/avr5\libm.a(fp_round.o)
 .bss           0x00000000        0x0 c:/program files (x86)/atmel/studio/7.0/toolchain/avr8/avr8-gnu-toolchain/bin/../lib/gcc/avr/5.4.0/../../../../avr/lib/avr5\libm.a(fp_round.o)
 .text          0x00000000        0x0 c:/program files (x86)/atmel/studio/7.0/toolchain/avr8/avr8-gnu-toolchain/bin/../lib/gcc/avr/5.4.0/../../../../avr/lib/avr5\libm.a(fp_split3.o)
 .data          0x00000000        0x0 c:/program files (x86)/atmel/studio/7.0/toolchain/avr8/avr8-gnu-toolchain/bin/../lib/gcc/avr/5.4.0/../../../../avr/lib/avr5\libm.a(fp_split3.o)
 .bss           0x00000000        0x0 c:/program files (x86)/atmel/studio/7.0/toolchain/avr8/avr8-gnu-toolchain/bin/../lib/gcc/avr/5.4.0/../../../../avr/lib/avr5\libm.a(fp_split3.o)
 .text          0x00000000        0x0 c:/program files (x86)/atmel/studio/7.0/toolchain/avr8/avr8-gnu-toolchain/bin/../lib/gcc/avr/5.4.0/../../../../avr/lib/avr5\libm.a(fp_zero.o)
 .data          0x00000000        0x0 c:/program files (x86)/atmel/studio/7.0/toolchain/avr8/avr8-gnu-toolchain/bin/../lib/gcc/avr/5.4.0/../../../../avr/lib/avr5\libm.a(fp_zero.o)
 .bss           0x00000000        0x0 c:/program files (x86)/atmel/studio/7.0/toolchain/avr8/avr8-gnu-toolchain/bin/../lib/gcc/avr/5.4.0/../../../../avr/lib/avr5\libm.a(fp_zero.o)
 .text          0x00000000        0x0 c:/program files (x86)/atmel/studio/7.0/toolchain/avr8/avr8-gnu-toolchain/bin/../lib/gcc/avr/5.4.0/../../../../avr/lib/avr5\libm.a(mulsf3.o)
 .data          0x00000000        0x0 c:/program files (x86)/atmel/studio/7.0/toolchain/avr8/avr8-gnu-toolchain/bin/../lib/gcc/avr/5.4.0/../../../../avr/lib/avr5\libm.a(mulsf3.o)
 .bss           0x00000000        0x0 c:/program files (x86)/atmel/studio/7.0/toolchain/avr8/avr8-gnu-toolchain/bin/../lib/gcc/avr/5.4.0/../../../../avr/lib/avr5\libm.a(mulsf3.o)
 .text          0x00000000        0x0 c:/program files (x86)/atmel/studio/7.0/toolchain/avr8/avr8-gnu-toolchain/bin/../lib/gcc/avr/5.4.0/../../../../avr/lib/avr5\libm.a(mulsf3x.o)
 .data          0x00000000        0x0 c:/program files (x86)/atmel/studio/7.0/toolchain/avr8/avr8-gnu-toolchain/bin/../lib/gcc/avr/5.4.0/../../../../avr/lib/avr5\libm.a(mulsf3x.o)
 .bss           0x00000000        0x0 c:/program files (x86)/atmel/studio/7.0/toolchain/avr8/avr8-gnu-toolchain/bin/../lib/gcc/avr/5.4.0/../../../../avr/lib/avr5\libm.a(mulsf3x.o)
 .text          0x00000000        0x0 c:/program files (x86)/atmel/studio/7.0/toolchain/avr8/avr8-gnu-toolchain/bin/../lib/gcc/avr/5.4.0/avr5\libgcc.a(_mulsi3.o)
 .data          0x00000000        0x0 c:/program files (x86)/atmel/studio/7.0/toolchain/avr8/avr8-gnu-toolchain/bin/../lib/gcc/avr/5.4.0/avr5\libgcc.a(_mulsi3.o)
 .bss           0x00000000        0x0 c:/program files (x86)/atmel/studio/7.0/toolchain/avr8/avr8-gnu-toolchain/bin/../lib/gcc/avr/5.4.0/avr5\libgcc.a(_mulsi3.o)
 .text.libgcc.div
                0x00000000        0x0 c:/program files (x86)/atmel/studio/7.0/toolchain/avr8/avr8-gnu-toolchain/bin/../lib/gcc/avr/5.4.0/avr5\libgcc.a(_mulsi3.o)
 .text.libgcc   0x00000000        0x0 c:/program files (x86)/atmel/studio/7.0/toolchain/avr8/avr8-gnu-toolchain/bin/../lib/gcc/avr/5.4.0/avr5\libgcc.a(_mulsi3.o)
 .text.libgcc.prologue
                0x00000000        0x0 c:/program files (x86)/atmel/studio/7.0/toolchain/avr8/avr8-gnu-toolchain/bin/../lib/gcc/avr/5.4.0/avr5\libgcc.a(_mulsi3.o)
 .text.libgcc.builtins
                0x00000000        0x0 c:/program files (x86)/atmel/studio/7.0/toolchain/avr8/avr8-gnu-toolchain/bin/../lib/gcc/avr/5.4.0/avr5\libgcc.a(_mulsi3.o)
 .text.libgcc.fmul
                0x00000000        0x0 c:/program files (x86)/atmel/studio/7.0/toolchain/avr8/avr8-gnu-toolchain/bin/../lib/gcc/avr/5.4.0/avr5\libgcc.a(_mulsi3.o)
 .text.libgcc.fixed
                0x00000000        0x0 c:/program files (x86)/atmel/studio/7.0/toolchain/avr8/avr8-gnu-toolchain/bin/../lib/gcc/avr/5.4.0/avr5\libgcc.a(_mulsi3.o)
 .text          0x00000000        0x0 c:/program files (x86)/atmel/studio/7.0/toolchain/avr8/avr8-gnu-toolchain/bin/../lib/gcc/avr/5.4.0/avr5\libgcc.a(_udivmodsi4.o)
 .data          0x00000000        0x0 c:/program files (x86)/atmel/studio/7.0/toolchain/avr8/avr8-gnu-toolchain/bin/../lib/gcc/avr/5.4.0/avr5\libgcc.a(_udivmodsi4.o)
 .bss           0x00000000        0x0 c:/program files (x86)/atmel/studio/7.0/toolchain/avr8/avr8-gnu-toolchain/bin/../lib/gcc/avr/5.4.0/avr5\libgcc.a(_udivmodsi4.o)
 .text.libgcc.mul
                0x00000000        0x0 c:/program files (x86)/atmel/studio/7.0/toolchain/avr8/avr8-gnu-toolchain/bin/../lib/gcc/avr/5.4.0/avr5\libgcc.a(_udivmodsi4.o)
 .text.libgcc   0x00000000        0x0 c:/program files (x86)/atmel/studio/7.0/toolchain/avr8/avr8-gnu-toolchain/bin/../lib/gcc/avr/5.4.0/avr5\libgcc.a(_udivmodsi4.o)
 .text.libgcc.prologue
                0x00000000        0x0 c:/program files (x86)/atmel/studio/7.0/toolchain/avr8/avr8-gnu-toolchain/bin/../lib/gcc/avr/5.4.0/avr5\libgcc.a(_udivmodsi4.o)
 .text.libgcc.builtins
                0x00000000        0x0 c:/program files (x86)/atmel/studio/7.0/toolchain/avr8/avr8-gnu-toolchain/bin/../lib/gcc/avr/5.4.0/avr5\libgcc.a(_udivmodsi4.o)
 .text.libgcc.fmul
                0x00000000        0x0 c:/program files (x86)/atmel/studio/7.0/toolchain/avr8/avr8-gnu-toolchain/bin/../lib/gcc/avr/5.4.0/avr5\libgcc.a(_udivmodsi4.o)
 .text.libgcc.fixed
                0x00000000        0x0 c:/program files (x86)/atmel/studio/7.0/toolchain/avr8/avr8-gnu-toolchain/bin/../lib/gcc/avr/5.4.0/avr5\libgcc.a(_udivmodsi4.o)
 .text          0x00000000        0x0 c:/program files (x86)/atmel/studio/7.0/toolchain/avr8/avr8-gnu-toolchain/bin/../lib/gcc/avr/5.4.0/avr5\libgcc.a(_exit.o)
 .data          0x00000000        0x0 c:/program files (x86)/atmel/studio/7.0/toolchain/avr8/avr8-gnu-toolchain/bin/../lib/gcc/avr/5.4.0/avr5\libgcc.a(_exit.o)
 .bss           0x00000000        0x0 c:/program files (x86)/atmel/studio/7.0/toolchain/avr8/avr8-gnu-toolchain/bin/../lib/gcc/avr/5.4.0/avr5\libgcc.a(_exit.o)
 .text.libgcc.mul
                0x00000000        0x0 c:/program files (x86)/atmel/studio/7.0/toolchain/avr8/avr8-gnu-toolchain/bin/../lib/gcc/avr/5.4.0/avr5\libgcc.a(_exit.o)
 .text.libgcc.div
                0x00000000        0x0 c:/program files (x86)/atmel/studio/7.0/toolchain/avr8/avr8-gnu-toolchain/bin/../lib/gcc/avr/5.4.0/avr5\libgcc.a(_exit.o)
 .text.libgcc   0x00000000        0x0 c:/program files (x86)/atmel/studio/7.0/toolchain/avr8/avr8-gnu-toolchain/bin/../lib/gcc/avr/5.4.0/avr5\libgcc.a(_exit.o)
 .text.libgcc.prologue
                0x00000000        0x0 c:/program files (x86)/atmel/studio/7.0/toolchain/avr8/avr8-gnu-toolchain/bin/../lib/gcc/avr/5.4.0/avr5\libgcc.a(_exit.o)
 .text.libgcc.builtins
                0x00000000        0x0 c:/program files (x86)/atmel/studio/7.0/toolchain/avr8/avr8-gnu-toolchain/bin/../lib/gcc/avr/5.4.0/avr5\libgcc.a(_exit.o)
 .text.libgcc.fmul
                0x00000000        0x0 c:/program files (x86)/atmel/studio/7.0/toolchain/avr8/avr8-gnu-toolchain/bin/../lib/gcc/avr/5.4.0/avr5\libgcc.a(_exit.o)
 .text.libgcc.fixed
                0x00000000        0x0 c:/program files (x86)/atmel/studio/7.0/toolchain/avr8/avr8-gnu-toolchain/bin/../lib/gcc/avr/5.4.0/avr5\libgcc.a(_exit.o)
 .text          0x00000000        0x0 c:/program files (x86)/atmel/studio/7.0/toolchain/avr8/avr8-gnu-toolchain/bin/../lib/gcc/avr/5.4.0/avr5\libgcc.a(_copy_data.o)
 .data          0x00000000        0x0 c:/program files (x86)/atmel/studio/7.0/toolchain/avr8/avr8-gnu-toolchain/bin/../lib/gcc/avr/5.4.0/avr5\libgcc.a(_copy_data.o)
 .bss           0x00000000        0x0 c:/program files (x86)/atmel/studio/7.0/toolchain/avr8/avr8-gnu-toolchain/bin/../lib/gcc/avr/5.4.0/avr5\libgcc.a(_copy_data.o)
 .text.libgcc.mul
                0x00000000        0x0 c:/program files (x86)/atmel/studio/7.0/toolchain/avr8/avr8-gnu-toolchain/bin/../lib/gcc/avr/5.4.0/avr5\libgcc.a(_copy_data.o)
 .text.libgcc.div
                0x00000000        0x0 c:/program files (x86)/atmel/studio/7.0/toolchain/avr8/avr8-gnu-toolchain/bin/../lib/gcc/avr/5.4.0/avr5\libgcc.a(_copy_data.o)
 .text.libgcc   0x00000000        0x0 c:/program files (x86)/atmel/studio/7.0/toolchain/avr8/avr8-gnu-toolchain/bin/../lib/gcc/avr/5.4.0/avr5\libgcc.a(_copy_data.o)
 .text.libgcc.prologue
                0x00000000        0x0 c:/program files (x86)/atmel/studio/7.0/toolchain/avr8/avr8-gnu-toolchain/bin/../lib/gcc/avr/5.4.0/avr5\libgcc.a(_copy_data.o)
 .text.libgcc.builtins
                0x00000000        0x0 c:/program files (x86)/atmel/studio/7.0/toolchain/avr8/avr8-gnu-toolchain/bin/../lib/gcc/avr/5.4.0/avr5\libgcc.a(_copy_data.o)
 .text.libgcc.fmul
                0x00000000        0x0 c:/program files (x86)/atmel/studio/7.0/toolchain/avr8/avr8-gnu-toolchain/bin/../lib/gcc/avr/5.4.0/avr5\libgcc.a(_copy_data.o)
 .text.libgcc.fixed
                0x00000000        0x0 c:/program files (x86)/atmel/studio/7.0/toolchain/avr8/avr8-gnu-toolchain/bin/../lib/gcc/avr/5.4.0/avr5\libgcc.a(_copy_data.o)
 .text          0x00000000        0x0 c:/program files (x86)/atmel/studio/7.0/toolchain/avr8/avr8-gnu-toolchain/bin/../lib/gcc/avr/5.4.0/avr5\libgcc.a(_clear_bss.o)
 .data          0x00000000        0x0 c:/program files (x86)/atmel/studio/7.0/toolchain/avr8/avr8-gnu-toolchain/bin/../lib/gcc/avr/5.4.0/avr5\libgcc.a(_clear_bss.o)
 .bss           0x00000000        0x0 c:/program files (x86)/atmel/studio/7.0/toolchain/avr8/avr8-gnu-toolchain/bin/../lib/gcc/avr/5.4.0/avr5\libgcc.a(_clear_bss.o)
 .text.libgcc.mul
                0x00000000        0x0 c:/program files (x86)/atmel/studio/7.0/toolchain/avr8/avr8-gnu-toolchain/bin/../lib/gcc/avr/5.4.0/avr5\libgcc.a(_clear_bss.o)
 .text.libgcc.div
                0x00000000        0x0 c:/program files (x86)/atmel/studio/7.0/toolchain/avr8/avr8-gnu-toolchain/bin/../lib/gcc/avr/5.4.0/avr5\libgcc.a(_clear_bss.o)
 .text.libgcc   0x00000000        0x0 c:/program files (x86)/atmel/studio/7.0/toolchain/avr8/avr8-gnu-toolchain/bin/../lib/gcc/avr/5.4.0/avr5\libgcc.a(_clear_bss.o)
 .text.libgcc.prologue
                0x00000000        0x0 c:/program files (x86)/atmel/studio/7.0/toolchain/avr8/avr8-gnu-toolchain/bin/../lib/gcc/avr/5.4.0/avr5\libgcc.a(_clear_bss.o)
 .text.libgcc.builtins
                0x00000000        0x0 c:/program files (x86)/atmel/studio/7.0/toolchain/avr8/avr8-gnu-toolchain/bin/../lib/gcc/avr/5.4.0/avr5\libgcc.a(_clear_bss.o)
 .text.libgcc.fmul
                0x00000000        0x0 c:/program files (x86)/atmel/studio/7.0/toolchain/avr8/avr8-gnu-toolchain/bin/../lib/gcc/avr/5.4.0/avr5\libgcc.a(_clear_bss.o)
 .text.libgcc.fixed
                0x00000000        0x0 c:/program files (x86)/atmel/studio/7.0/toolchain/avr8/avr8-gnu-toolchain/bin/../lib/gcc/avr/5.4.0/avr5\libgcc.a(_clear_bss.o)
 .text          0x00000000        0x0 c:/program files (x86)/atmel/studio/7.0/toolchain/avr8/avr8-gnu-toolchain/bin/../lib/gcc/avr/5.4.0/avr5\libgcc.a(_muluhisi3.o)
 .data          0x00000000        0x0 c:/program files (x86)/atmel/studio/7.0/toolchain/avr8/avr8-gnu-toolchain/bin/../lib/gcc/avr/5.4.0/avr5\libgcc.a(_muluhisi3.o)
 .bss           0x00000000        0x0 c:/program files (x86)/atmel/studio/7.0/toolchain/avr8/avr8-gnu-toolchain/bin/../lib/gcc/avr/5.4.0/avr5\libgcc.a(_muluhisi3.o)
 .text.libgcc.div
                0x00000000        0x0 c:/program files (x86)/atmel/studio/7.0/toolchain/avr8/avr8-gnu-toolchain/bin/../lib/gcc/avr/5.4.0/avr5\libgcc.a(_muluhisi3.o)
 .text.libgcc   0x00000000        0x0 c:/program files (x86)/atmel/studio/7.0/toolchain/avr8/avr8-gnu-toolchain/bin/../lib/gcc/avr/5.4.0/avr5\libgcc.a(_muluhisi3.o)
 .text.libgcc.prologue
                0x00000000        0x0 c:/program files (x86)/atmel/studio/7.0/toolchain/avr8/avr8-gnu-toolchain/bin/../lib/gcc/avr/5.4.0/avr5\libgcc.a(_muluhisi3.o)
 .text.libgcc.builtins
                0x00000000        0x0 c:/program files (x86)/atmel/studio/7.0/toolchain/avr8/avr8-gnu-toolchain/bin/../lib/gcc/avr/5.4.0/avr5\libgcc.a(_muluhisi3.o)
 .text.libgcc.fmul
                0x00000000        0x0 c:/program files (x86)/atmel/studio/7.0/toolchain/avr8/avr8-gnu-toolchain/bin/../lib/gcc/avr/5.4.0/avr5\libgcc.a(_muluhisi3.o)
 .text.libgcc.fixed
                0x00000000        0x0 c:/program files (x86)/atmel/studio/7.0/toolchain/avr8/avr8-gnu-toolchain/bin/../lib/gcc/avr/5.4.0/avr5\libgcc.a(_muluhisi3.o)
 .text          0x00000000        0x0 c:/program files (x86)/atmel/studio/7.0/toolchain/avr8/avr8-gnu-toolchain/bin/../lib/gcc/avr/5.4.0/avr5\libgcc.a(_umulhisi3.o)
 .data          0x00000000        0x0 c:/program files (x86)/atmel/studio/7.0/toolchain/avr8/avr8-gnu-toolchain/bin/../lib/gcc/avr/5.4.0/avr5\libgcc.a(_umulhisi3.o)
 .bss           0x00000000        0x0 c:/program files (x86)/atmel/studio/7.0/toolchain/avr8/avr8-gnu-toolchain/bin/../lib/gcc/avr/5.4.0/avr5\libgcc.a(_umulhisi3.o)
 .text.libgcc.div
                0x00000000        0x0 c:/program files (x86)/atmel/studio/7.0/toolchain/avr8/avr8-gnu-toolchain/bin/../lib/gcc/avr/5.4.0/avr5\libgcc.a(_umulhisi3.o)
 .text.libgcc   0x00000000        0x0 c:/program files (x86)/atmel/studio/7.0/toolchain/avr8/avr8-gnu-toolchain/bin/../lib/gcc/avr/5.4.0/avr5\libgcc.a(_umulhisi3.o)
 .text.libgcc.prologue
                0x00000000        0x0 c:/program files (x86)/atmel/studio/7.0/toolchain/avr8/avr8-gnu-toolchain/bin/../lib/gcc/avr/5.4.0/avr5\libgcc.a(_umulhisi3.o)
 .text.libgcc.builtins
                0x00000000        0x0 c:/program files (x86)/atmel/studio/7.0/toolchain/avr8/avr8-gnu-toolchain/bin/../lib/gcc/avr/5.4.0/avr5\libgcc.a(_umulhisi3.o)
 .text.libgcc.fmul
                0x00000000        0x0 c:/program files (x86)/atmel/studio/7.0/toolchain/avr8/avr8-gnu-toolchain/bin/../lib/gcc/avr/5.4.0/avr5\libgcc.a(_umulhisi3.o)
 .text.libgcc.fixed
                0x00000000        0x0 c:/program files (x86)/atmel/studio/7.0/toolchain/avr8/avr8-gnu-toolchain/bin/../lib/gcc/avr/5.4.0/avr5\libgcc.a(_umulhisi3.o)
 .text          0x00000000        0x0 c:/program files (x86)/atmel/studio/7.0/toolchain/avr8/avr8-gnu-toolchain/bin/../lib/gcc/avr/5.4.0/../../../../avr/lib/avr5\libc.a(atof.o)
 .data          0x00000000        0x0 c:/program files (x86)/atmel/studio/7.0/toolchain/avr8/avr8-gnu-toolchain/bin/../lib/gcc/avr/5.4.0/../../../../avr/lib/avr5\libc.a(atof.o)
 .bss           0x00000000        0x0 c:/program files (x86)/atmel/studio/7.0/toolchain/avr8/avr8-gnu-toolchain/bin/../lib/gcc/avr/5.4.0/../../../../avr/lib/avr5\libc.a(atof.o)
 .text          0x00000000        0x0 c:/program files (x86)/atmel/studio/7.0/toolchain/avr8/avr8-gnu-toolchain/bin/../lib/gcc/avr/5.4.0/../../../../avr/lib/avr5\libc.a(strcmp.o)
 .data          0x00000000        0x0 c:/program files (x86)/atmel/studio/7.0/toolchain/avr8/avr8-gnu-toolchain/bin/../lib/gcc/avr/5.4.0/../../../../avr/lib/avr5\libc.a(strcmp.o)
 .bss           0x00000000        0x0 c:/program files (x86)/atmel/studio/7.0/toolchain/avr8/avr8-gnu-toolchain/bin/../lib/gcc/avr/5.4.0/../../../../avr/lib/avr5\libc.a(strcmp.o)
 .text          0x00000000        0x0 c:/program files (x86)/atmel/studio/7.0/toolchain/avr8/avr8-gnu-toolchain/bin/../lib/gcc/avr/5.4.0/../../../../avr/lib/avr5\libc.a(strcpy.o)
 .data          0x00000000        0x0 c:/program files (x86)/atmel/studio/7.0/toolchain/avr8/avr8-gnu-toolchain/bin/../lib/gcc/avr/5.4.0/../../../../avr/lib/avr5\libc.a(strcpy.o)
 .bss           0x00000000        0x0 c:/program files (x86)/atmel/studio/7.0/toolchain/avr8/avr8-gnu-toolchain/bin/../lib/gcc/avr/5.4.0/../../../../avr/lib/avr5\libc.a(strcpy.o)
 .text          0x00000000        0x0 c:/program files (x86)/atmel/studio/7.0/toolchain/avr8/avr8-gnu-toolchain/bin/../lib/gcc/avr/5.4.0/../../../../avr/lib/avr5\libc.a(itoa_ncheck.o)
 .data          0x00000000        0x0 c:/program files (x86)/atmel/studio/7.0/toolchain/avr8/avr8-gnu-toolchain/bin/../lib/gcc/avr/5.4.0/../../../../avr/lib/avr5\libc.a(itoa_ncheck.o)
 .bss           0x00000000        0x0 c:/program files (x86)/atmel/studio/7.0/toolchain/avr8/avr8-gnu-toolchain/bin/../lib/gcc/avr/5.4.0/../../../../avr/lib/avr5\libc.a(itoa_ncheck.o)
 .text.avr-libc
                0x00000000       0x16 c:/program files (x86)/atmel/studio/7.0/toolchain/avr8/avr8-gnu-toolchain/bin/../lib/gcc/avr/5.4.0/../../../../avr/lib/avr5\libc.a(itoa_ncheck.o)
 .text          0x00000000        0x0 c:/program files (x86)/atmel/studio/7.0/toolchain/avr8/avr8-gnu-toolchain/bin/../lib/gcc/avr/5.4.0/../../../../avr/lib/avr5\libc.a(utoa_ncheck.o)
 .data          0x00000000        0x0 c:/program files (x86)/atmel/studio/7.0/toolchain/avr8/avr8-gnu-toolchain/bin/../lib/gcc/avr/5.4.0/../../../../avr/lib/avr5\libc.a(utoa_ncheck.o)
 .bss           0x00000000        0x0 c:/program files (x86)/atmel/studio/7.0/toolchain/avr8/avr8-gnu-toolchain/bin/../lib/gcc/avr/5.4.0/../../../../avr/lib/avr5\libc.a(utoa_ncheck.o)
 .text.avr-libc
                0x00000000       0x34 c:/program files (x86)/atmel/studio/7.0/toolchain/avr8/avr8-gnu-toolchain/bin/../lib/gcc/avr/5.4.0/../../../../avr/lib/avr5\libc.a(utoa_ncheck.o)
 .text          0x00000000        0x0 c:/program files (x86)/atmel/studio/7.0/toolchain/avr8/avr8-gnu-toolchain/bin/../lib/gcc/avr/5.4.0/../../../../avr/lib/avr5\libc.a(strtod.o)
 .data          0x00000000        0x0 c:/program files (x86)/atmel/studio/7.0/toolchain/avr8/avr8-gnu-toolchain/bin/../lib/gcc/avr/5.4.0/../../../../avr/lib/avr5\libc.a(strtod.o)
 .bss           0x00000000        0x0 c:/program files (x86)/atmel/studio/7.0/toolchain/avr8/avr8-gnu-toolchain/bin/../lib/gcc/avr/5.4.0/../../../../avr/lib/avr5\libc.a(strtod.o)
 .text          0x00000000        0x0 c:/program files (x86)/atmel/studio/7.0/toolchain/avr8/avr8-gnu-toolchain/bin/../lib/gcc/avr/5.4.0/../../../../avr/lib/avr5\libc.a(isspace.o)
 .data          0x00000000        0x0 c:/program files (x86)/atmel/studio/7.0/toolchain/avr8/avr8-gnu-toolchain/bin/../lib/gcc/avr/5.4.0/../../../../avr/lib/avr5\libc.a(isspace.o)
 .bss           0x00000000        0x0 c:/program files (x86)/atmel/studio/7.0/toolchain/avr8/avr8-gnu-toolchain/bin/../lib/gcc/avr/5.4.0/../../../../avr/lib/avr5\libc.a(isspace.o)
 .text          0x00000000        0x0 c:/program files (x86)/atmel/studio/7.0/toolchain/avr8/avr8-gnu-toolchain/bin/../lib/gcc/avr/5.4.0/../../../../avr/lib/avr5\libc.a(strncasecmp_P.o)
 .data          0x00000000        0x0 c:/program files (x86)/atmel/studio/7.0/toolchain/avr8/avr8-gnu-toolchain/bin/../lib/gcc/avr/5.4.0/../../../../avr/lib/avr5\libc.a(strncasecmp_P.o)
 .bss           0x00000000        0x0 c:/program files (x86)/atmel/studio/7.0/toolchain/avr8/avr8-gnu-toolchain/bin/../lib/gcc/avr/5.4.0/../../../../avr/lib/avr5\libc.a(strncasecmp_P.o)
 .text          0x00000000        0x0 c:/program files (x86)/atmel/studio/7.0/toolchain/avr8/avr8-gnu-toolchain/bin/../lib/gcc/avr/5.4.0/../../../../avr/lib/avr5\libc.a(strrev.o)
 .data          0x00000000        0x0 c:/program files (x86)/atmel/studio/7.0/toolchain/avr8/avr8-gnu-toolchain/bin/../lib/gcc/avr/5.4.0/../../../../avr/lib/avr5\libc.a(strrev.o)
 .bss           0x00000000        0x0 c:/program files (x86)/atmel/studio/7.0/toolchain/avr8/avr8-gnu-toolchain/bin/../lib/gcc/avr/5.4.0/../../../../avr/lib/avr5\libc.a(strrev.o)
 .text.avr-libc
                0x00000000       0x20 c:/program files (x86)/atmel/studio/7.0/toolchain/avr8/avr8-gnu-toolchain/bin/../lib/gcc/avr/5.4.0/../../../../avr/lib/avr5\libc.a(strrev.o)
 .text          0x00000000        0x0 c:/program files (x86)/atmel/studio/7.0/toolchain/avr8/avr8-gnu-toolchain/bin/../lib/gcc/avr/5.4.0/../../../../avr/lib/avr5\libc.a(errno.o)
 .data          0x00000000        0x0 c:/program files (x86)/atmel/studio/7.0/toolchain/avr8/avr8-gnu-toolchain/bin/../lib/gcc/avr/5.4.0/../../../../avr/lib/avr5\libc.a(errno.o)
 .bss           0x00000000        0x0 c:/program files (x86)/atmel/studio/7.0/toolchain/avr8/avr8-gnu-toolchain/bin/../lib/gcc/avr/5.4.0/../../../../avr/lib/avr5\libc.a(errno.o)
 .text          0x00000000        0x0 c:/program files (x86)/atmel/studio/7.0/toolchain/avr8/avr8-gnu-toolchain/bin/../lib/gcc/avr/5.4.0/../../../../avr/lib/avr5\libc.a(cty_isfalse.o)
 .data          0x00000000        0x0 c:/program files (x86)/atmel/studio/7.0/toolchain/avr8/avr8-gnu-toolchain/bin/../lib/gcc/avr/5.4.0/../../../../avr/lib/avr5\libc.a(cty_isfalse.o)
 .bss           0x00000000        0x0 c:/program files (x86)/atmel/studio/7.0/toolchain/avr8/avr8-gnu-toolchain/bin/../lib/gcc/avr/5.4.0/../../../../avr/lib/avr5\libc.a(cty_isfalse.o)
 .text          0x00000000        0x0 c:/program files (x86)/atmel/studio/7.0/toolchain/avr8/avr8-gnu-toolchain/bin/../lib/gcc/avr/5.4.0/avr5\libgcc.a(_prologue.o)
 .data          0x00000000        0x0 c:/program files (x86)/atmel/studio/7.0/toolchain/avr8/avr8-gnu-toolchain/bin/../lib/gcc/avr/5.4.0/avr5\libgcc.a(_prologue.o)
 .bss           0x00000000        0x0 c:/program files (x86)/atmel/studio/7.0/toolchain/avr8/avr8-gnu-toolchain/bin/../lib/gcc/avr/5.4.0/avr5\libgcc.a(_prologue.o)
 .text.libgcc.mul
                0x00000000        0x0 c:/program files (x86)/atmel/studio/7.0/toolchain/avr8/avr8-gnu-toolchain/bin/../lib/gcc/avr/5.4.0/avr5\libgcc.a(_prologue.o)
 .text.libgcc.div
                0x00000000        0x0 c:/program files (x86)/atmel/studio/7.0/toolchain/avr8/avr8-gnu-toolchain/bin/../lib/gcc/avr/5.4.0/avr5\libgcc.a(_prologue.o)
 .text.libgcc   0x00000000        0x0 c:/program files (x86)/atmel/studio/7.0/toolchain/avr8/avr8-gnu-toolchain/bin/../lib/gcc/avr/5.4.0/avr5\libgcc.a(_prologue.o)
 .text.libgcc.builtins
                0x00000000        0x0 c:/program files (x86)/atmel/studio/7.0/toolchain/avr8/avr8-gnu-toolchain/bin/../lib/gcc/avr/5.4.0/avr5\libgcc.a(_prologue.o)
 .text.libgcc.fmul
                0x00000000        0x0 c:/program files (x86)/atmel/studio/7.0/toolchain/avr8/avr8-gnu-toolchain/bin/../lib/gcc/avr/5.4.0/avr5\libgcc.a(_prologue.o)
 .text.libgcc.fixed
                0x00000000        0x0 c:/program files (x86)/atmel/studio/7.0/toolchain/avr8/avr8-gnu-toolchain/bin/../lib/gcc/avr/5.4.0/avr5\libgcc.a(_prologue.o)
 .text          0x00000000        0x0 c:/program files (x86)/atmel/studio/7.0/toolchain/avr8/avr8-gnu-toolchain/bin/../lib/gcc/avr/5.4.0/avr5\libgcc.a(_epilogue.o)
 .data          0x00000000        0x0 c:/program files (x86)/atmel/studio/7.0/toolchain/avr8/avr8-gnu-toolchain/bin/../lib/gcc/avr/5.4.0/avr5\libgcc.a(_epilogue.o)
 .bss           0x00000000        0x0 c:/program files (x86)/atmel/studio/7.0/toolchain/avr8/avr8-gnu-toolchain/bin/../lib/gcc/avr/5.4.0/avr5\libgcc.a(_epilogue.o)
 .text.libgcc.mul
                0x00000000        0x0 c:/program files (x86)/atmel/studio/7.0/toolchain/avr8/avr8-gnu-toolchain/bin/../lib/gcc/avr/5.4.0/avr5\libgcc.a(_epilogue.o)
 .text.libgcc.div
                0x00000000        0x0 c:/program files (x86)/atmel/studio/7.0/toolchain/avr8/avr8-gnu-toolchain/bin/../lib/gcc/avr/5.4.0/avr5\libgcc.a(_epilogue.o)
 .text.libgcc   0x00000000        0x0 c:/program files (x86)/atmel/studio/7.0/toolchain/avr8/avr8-gnu-toolchain/bin/../lib/gcc/avr/5.4.0/avr5\libgcc.a(_epilogue.o)
 .text.libgcc.builtins
                0x00000000        0x0 c:/program files (x86)/atmel/studio/7.0/toolchain/avr8/avr8-gnu-toolchain/bin/../lib/gcc/avr/5.4.0/avr5\libgcc.a(_epilogue.o)
 .text.libgcc.fmul
                0x00000000        0x0 c:/program files (x86)/atmel/studio/7.0/toolchain/avr8/avr8-gnu-toolchain/bin/../lib/gcc/avr/5.4.0/avr5\libgcc.a(_epilogue.o)
 .text.libgcc.fixed
                0x00000000        0x0 c:/program files (x86)/atmel/studio/7.0/toolchain/avr8/avr8-gnu-toolchain/bin/../lib/gcc/avr/5.4.0/avr5\libgcc.a(_epilogue.o)

Memory Configuration

Name             Origin             Length             Attributes
text             0x00000000         0x00008000         xr
data             0x00800060         0x00000800         rw !x
eeprom           0x00810000         0x00000400         rw !x
fuse             0x00820000         0x00000002         rw !x
lock             0x00830000         0x00000400         rw !x
signature        0x00840000         0x00000400         rw !x
user_signatures  0x00850000         0x00000400         rw !x
*default*        0x00000000         0xffffffff

Linker script and memory map

LOAD C:/Program Files (x86)/Atmel/Studio/7.0/Packs/atmel/ATmega_DFP/1.7.374/gcc/dev/atmega32a/avr5/crtatmega32a.o
LOAD APP/app.o
LOAD ATM_MODULE/atm.o
LOAD ATM_MODULE/database_check.o
LOAD ECUAL/button/button.o
LOAD ECUAL/buzzer/buzzer.o
LOAD ECUAL/hspi/hspi_program.o
LOAD ECUAL/htimer0/htimer0.o
LOAD ECUAL/HTimer/HTimer.o
LOAD ECUAL/h_ext_int/h_ext_int.o
LOAD ECUAL/icu/sw_icu.o
LOAD ECUAL/keypad/keypad.o
LOAD ECUAL/lcd/lcd_config.o
LOAD ECUAL/lcd/lcd_program.o
LOAD main.o
LOAD MCAL/dio/dio_prog.o
LOAD MCAL/extint/extinterrupt.o
LOAD MCAL/spi/spi_program.o
LOAD MCAL/timer0/tim0_program.o
LOAD MCAL/timer1/tim1_program.o
LOAD MCAL/timer/Timer_Source.o
START GROUP
LOAD c:/program files (x86)/atmel/studio/7.0/toolchain/avr8/avr8-gnu-toolchain/bin/../lib/gcc/avr/5.4.0/../../../../avr/lib/avr5\libm.a
END GROUP
START GROUP
LOAD c:/program files (x86)/atmel/studio/7.0/toolchain/avr8/avr8-gnu-toolchain/bin/../lib/gcc/avr/5.4.0/avr5\libgcc.a
LOAD c:/program files (x86)/atmel/studio/7.0/toolchain/avr8/avr8-gnu-toolchain/bin/../lib/gcc/avr/5.4.0/../../../../avr/lib/avr5\libm.a
LOAD c:/program files (x86)/atmel/studio/7.0/toolchain/avr8/avr8-gnu-toolchain/bin/../lib/gcc/avr/5.4.0/../../../../avr/lib/avr5\libc.a
LOAD C:/Program Files (x86)/Atmel/Studio/7.0/Packs/atmel/ATmega_DFP/1.7.374/gcc/dev/atmega32a/avr5\libatmega32a.a
END GROUP
                [0x00000000]                __TEXT_REGION_ORIGIN__ = DEFINED (__TEXT_REGION_ORIGIN__)?__TEXT_REGION_ORIGIN__:0x0
                [0x00800060]                __DATA_REGION_ORIGIN__ = DEFINED (__DATA_REGION_ORIGIN__)?__DATA_REGION_ORIGIN__:0x800060
                [0x00008000]                __TEXT_REGION_LENGTH__ = DEFINED (__TEXT_REGION_LENGTH__)?__TEXT_REGION_LENGTH__:0x20000
                [0x00000800]                __DATA_REGION_LENGTH__ = DEFINED (__DATA_REGION_LENGTH__)?__DATA_REGION_LENGTH__:0xffa0
                [0x00000400]                __EEPROM_REGION_LENGTH__ = DEFINED (__EEPROM_REGION_LENGTH__)?__EEPROM_REGION_LENGTH__:0x10000
                [0x00000002]                __FUSE_REGION_LENGTH__ = DEFINED (__FUSE_REGION_LENGTH__)?__FUSE_REGION_LENGTH__:0x400
                0x00000400                __LOCK_REGION_LENGTH__ = DEFINED (__LOCK_REGION_LENGTH__)?__LOCK_REGION_LENGTH__:0x400
                0x00000400                __SIGNATURE_REGION_LENGTH__ = DEFINED (__SIGNATURE_REGION_LENGTH__)?__SIGNATURE_REGION_LENGTH__:0x400
                0x00000400                __USER_SIGNATURE_REGION_LENGTH__ = DEFINED (__USER_SIGNATURE_REGION_LENGTH__)?__USER_SIGNATURE_REGION_LENGTH__:0x400

.hash
 *(.hash)

.dynsym
 *(.dynsym)

.dynstr
 *(.dynstr)

.gnu.version
 *(.gnu.version)

.gnu.version_d
 *(.gnu.version_d)

.gnu.version_r
 *(.gnu.version_r)

.rel.init
 *(.rel.init)

.rela.init
 *(.rela.init)

.rel.text
 *(.rel.text)
 *(.rel.text.*)
 *(.rel.gnu.linkonce.t*)

.rela.text
 *(.rela.text)
 *(.rela.text.*)
 *(.rela.gnu.linkonce.t*)

.rel.fini
 *(.rel.fini)

.rela.fini
 *(.rela.fini)

.rel.rodata
 *(.rel.rodata)
 *(.rel.rodata.*)
 *(.rel.gnu.linkonce.r*)

.rela.rodata
 *(.rela.rodata)
 *(.rela.rodata.*)
 *(.rela.gnu.linkonce.r*)

.rel.data
 *(.rel.data)
 *(.rel.data.*)
 *(.rel.gnu.linkonce.d*)

.rela.data
 *(.rela.data)
 *(.rela.data.*)
 *(.rela.gnu.linkonce.d*)

.rel.ctors
 *(.rel.ctors)

.rela.ctors
 *(.rela.ctors)

.rel.dtors
 *(.rel.dtors)

.rela.dtors
 *(.rela.dtors)

.rel.got
 *(.rel.got)

.rela.got
 *(.rela.got)

.rel.bss
 *(.rel.bss)

.rela.bss
 *(.rela.bss)

.rel.plt
 *(.rel.plt)

.rela.plt
 *(.rela.plt)

.text           0x00000000     0x22bc
 *(.vectors)
 .vectors       0x00000000       0x54 C:/Program Files (x86)/Atmel/Studio/7.0/Packs/atmel/ATmega_DFP/1.7.374/gcc/dev/atmega32a/avr5/crtatmega32a.o
                0x00000000                __vector_default
                0x00000000                __vectors
 *(.vectors)
 *(.progmem.gcc*)
                0x00000054                . = ALIGN (0x2)
                0x00000054                __trampolines_start = .
 *(.trampolines)
 .trampolines   0x00000054        0x0 linker stubs
 *(.trampolines*)
                0x00000054                __trampolines_end = .
 *libprintf_flt.a:*(.progmem.data)
 *libc.a:*(.progmem.data)
 .progmem.data  0x00000054       0x3b c:/program files (x86)/atmel/studio/7.0/toolchain/avr8/avr8-gnu-toolchain/bin/../lib/gcc/avr/5.4.0/../../../../avr/lib/avr5\libc.a(strtod.o)
 *(.progmem*)
                0x00000090                . = ALIGN (0x2)
 *fill*         0x0000008f        0x1 
 *(.jumptables)
 *(.jumptables*)
 *(.lowtext)
 *(.lowtext*)
                0x00000090                __ctors_start = .
 *(.ctors)
                0x00000090                __ctors_end = .
                0x00000090                __dtors_start = .
 *(.dtors)
                0x00000090                __dtors_end = .
 SORT(*)(.ctors)
 SORT(*)(.dtors)
 *(.init0)
 .init0         0x00000090        0x0 C:/Program Files (x86)/Atmel/Studio/7.0/Packs/atmel/ATmega_DFP/1.7.374/gcc/dev/atmega32a/avr5/crtatmega32a.o
                0x00000090                __init
 *(.init0)
 *(.init1)
 *(.init1)
 *(.init2)
 .init2         0x00000090        0xc C:/Program Files (x86)/Atmel/Studio/7.0/Packs/atmel/ATmega_DFP/1.7.374/gcc/dev/atmega32a/avr5/crtatmega32a.o
 *(.init2)
 *(.init3)
 *(.init3)
 *(.init4)
 .init4         0x0000009c       0x16 c:/program files (x86)/atmel/studio/7.0/toolchain/avr8/avr8-gnu-toolchain/bin/../lib/gcc/avr/5.4.0/avr5\libgcc.a(_copy_data.o)
                0x0000009c                __do_copy_data
 .init4         0x000000b2       0x10 c:/program files (x86)/atmel/studio/7.0/toolchain/avr8/avr8-gnu-toolchain/bin/../lib/gcc/avr/5.4.0/avr5\libgcc.a(_clear_bss.o)
                0x000000b2                __do_clear_bss
 *(.init4)
 *(.init5)
 *(.init5)
 *(.init6)
 *(.init6)
 *(.init7)
 *(.init7)
 *(.init8)
 *(.init8)
 *(.init9)
 .init9         0x000000c2        0x8 C:/Program Files (x86)/Atmel/Studio/7.0/Packs/atmel/ATmega_DFP/1.7.374/gcc/dev/atmega32a/avr5/crtatmega32a.o
 *(.init9)
 *(.text)
 .text          0x000000ca        0x4 C:/Program Files (x86)/Atmel/Studio/7.0/Packs/atmel/ATmega_DFP/1.7.374/gcc/dev/atmega32a/avr5/crtatmega32a.o
                0x000000ca                __bad_interrupt
                0x000000ca                __vector_6
                0x000000ca                __vector_13
                0x000000ca                __vector_17
                0x000000ca                __vector_19
                0x000000ca                __vector_7
                0x000000ca                __vector_4
                0x000000ca                __vector_9
                0x000000ca                __vector_15
                0x000000ca                __vector_8
                0x000000ca                __vector_14
                0x000000ca                __vector_10
                0x000000ca                __vector_16
                0x000000ca                __vector_18
                0x000000ca                __vector_20
                0x000000ce                . = ALIGN (0x2)
 *(.text.*)
 .text.TriggerCallBack
                0x000000ce        0x6 APP/app.o
                0x000000ce                TriggerCallBack
 .text.timer_ovfCount
                0x000000d4        0xc APP/app.o
                0x000000d4                timer_ovfCount
 .text.APP_Init
                0x000000e0       0x40 APP/app.o
                0x000000e0                APP_Init
 .text.APP_Start
                0x00000120      0x1fe APP/app.o
                0x00000120                APP_Start
 .text.EXTINT_FUNC
                0x0000031e       0x68 ATM_MODULE/atm.o
                0x0000031e                EXTINT_FUNC
 .text.Welcome  0x00000386       0x38 ATM_MODULE/atm.o
                0x00000386                Welcome
 .text.ATM_ApprovedCard
                0x000003be       0xa4 ATM_MODULE/atm.o
                0x000003be                ATM_ApprovedCard
 .text.Get_pin  0x00000462       0xd4 ATM_MODULE/atm.o
                0x00000462                Get_pin
 .text.PIN_checkPinMatching
                0x00000536       0x5e ATM_MODULE/atm.o
                0x00000536                PIN_checkPinMatching
 .text.deinitAtm
                0x00000594        0x8 ATM_MODULE/atm.o
                0x00000594                deinitAtm
 .text.get_amount_left
                0x0000059c      0x13e ATM_MODULE/atm.o
                0x0000059c                get_amount_left
 .text.ATM_ValidatePIN
                0x000006da       0x6c ATM_MODULE/atm.o
                0x000006da                ATM_ValidatePIN
 .text.isBelowMaxDailyAmount
                0x00000746       0x14 ATM_MODULE/database_check.o
                0x00000746                isBelowMaxDailyAmount
 .text.isValidPanAccount
                0x0000075a       0x36 ATM_MODULE/database_check.o
                0x0000075a                isValidPanAccount
 .text.isRunningAccount
                0x00000790       0x60 ATM_MODULE/database_check.o
                0x00000790                isRunningAccount
 .text.isValidAccountAmount
                0x000007f0       0xd2 ATM_MODULE/database_check.o
                0x000007f0                isValidAccountAmount
 .text.DATABASE_checking
                0x000008c2       0x4a ATM_MODULE/database_check.o
                0x000008c2                DATABASE_checking
 .text.HButton_ExtIntInit
                0x0000090c        0xe ECUAL/button/button.o
                0x0000090c                HButton_ExtIntInit
 .text.BUZ_Init
                0x0000091a       0x1c ECUAL/buzzer/buzzer.o
                0x0000091a                BUZ_Init
 .text.BUZ_SetState
                0x00000936       0x14 ECUAL/buzzer/buzzer.o
                0x00000936                BUZ_SetState
 .text.HSPI_MasterInit
                0x0000094a       0x36 ECUAL/hspi/hspi_program.o
                0x0000094a                HSPI_MasterInit
 .text.HSPI_SendChar
                0x00000980       0x34 ECUAL/hspi/hspi_program.o
                0x00000980                HSPI_SendChar
 .text.HSPI_ReceiveData
                0x000009b4       0x68 ECUAL/hspi/hspi_program.o
                0x000009b4                HSPI_ReceiveData
 .text.HTIM0_SyncDelay
                0x00000a1c      0x14c ECUAL/htimer0/htimer0.o
                0x00000a1c                HTIM0_SyncDelay
 .text.HTimer_enInit
                0x00000b68       0x14 ECUAL/HTimer/HTimer.o
                0x00000b68                HTimer_enInit
 .text.HTimer_vidDelayMs
                0x00000b7c        0xa ECUAL/HTimer/HTimer.o
                0x00000b7c                HTimer_vidDelayMs
 .text.HTimer_enStop
                0x00000b86        0x6 ECUAL/HTimer/HTimer.o
                0x00000b86                HTimer_enStop
 .text.HTimer_enCBF
                0x00000b8c       0x10 ECUAL/HTimer/HTimer.o
                0x00000b8c                HTimer_enCBF
 .text.H_EXTINT_create
                0x00000b9c       0x2e ECUAL/h_ext_int/h_ext_int.o
                0x00000b9c                H_EXTINT_create
 .text.KEYPAD_init
                0x00000bca       0x32 ECUAL/keypad/keypad.o
                0x00000bca                KEYPAD_init
 .text.checkR1  0x00000bfc       0xcc ECUAL/keypad/keypad.o
                0x00000bfc                checkR1
 .text.checkR2  0x00000cc8       0xcc ECUAL/keypad/keypad.o
                0x00000cc8                checkR2
 .text.checkR3  0x00000d94       0xcc ECUAL/keypad/keypad.o
                0x00000d94                checkR3
 .text.KEYPAD_GetButton
                0x00000e60       0x16 ECUAL/keypad/keypad.o
                0x00000e60                KEYPAD_GetButton
 .text.HLCD_vidWritecmd
                0x00000e76       0xc8 ECUAL/lcd/lcd_program.o
                0x00000e76                HLCD_vidWritecmd
 .text.HLCD_vidInit
                0x00000f3e       0x9e ECUAL/lcd/lcd_program.o
                0x00000f3e                HLCD_vidInit
 .text.HLCD_vidWriteChar
                0x00000fdc       0xc8 ECUAL/lcd/lcd_program.o
                0x00000fdc                HLCD_vidWriteChar
 .text.HLCD_ClrDisplay
                0x000010a4       0x26 ECUAL/lcd/lcd_program.o
                0x000010a4                HLCD_ClrDisplay
 .text.HLCD_gotoXY
                0x000010ca       0x28 ECUAL/lcd/lcd_program.o
                0x000010ca                HLCD_gotoXY
 .text.HLCD_WriteString
                0x000010f2       0x30 ECUAL/lcd/lcd_program.o
                0x000010f2                HLCD_WriteString
 .text.HLCD_DisplayFloat
                0x00001122      0x130 ECUAL/lcd/lcd_program.o
                0x00001122                HLCD_DisplayFloat
 .text.main     0x00001252        0xa main.o
                0x00001252                main
 .text.DIO_s8SETPinDir
                0x0000125c       0x80 MCAL/dio/dio_prog.o
                0x0000125c                DIO_s8SETPinDir
 .text.DIO_s8SETPinVal
                0x000012dc       0x80 MCAL/dio/dio_prog.o
                0x000012dc                DIO_s8SETPinVal
 .text.DIO_s8GETPinVal
                0x0000135c       0x3e MCAL/dio/dio_prog.o
                0x0000135c                DIO_s8GETPinVal
 .text.SET_GLOBAL_INTERRUPT
                0x0000139a       0x16 MCAL/extint/extinterrupt.o
                0x0000139a                SET_GLOBAL_INTERRUPT
 .text.EXTINT_init
                0x000013b0      0x10e MCAL/extint/extinterrupt.o
                0x000013b0                EXTINT_init
 .text.EXTINT_CallBack
                0x000014be       0x32 MCAL/extint/extinterrupt.o
                0x000014be                EXTINT_CallBack
 .text.__vector_1
                0x000014f0       0x52 MCAL/extint/extinterrupt.o
                0x000014f0                __vector_1
 .text.__vector_2
                0x00001542       0x52 MCAL/extint/extinterrupt.o
                0x00001542                __vector_2
 .text.__vector_3
                0x00001594       0x52 MCAL/extint/extinterrupt.o
                0x00001594                __vector_3
 .text.SPI_MasterInit
                0x000015e6       0x30 MCAL/spi/spi_program.o
                0x000015e6                SPI_MasterInit
 .text.SPI_TranscieveChar
                0x00001616       0x4c MCAL/spi/spi_program.o
                0x00001616                SPI_TranscieveChar
 .text.__vector_12
                0x00001662       0x96 MCAL/spi/spi_program.o
                0x00001662                __vector_12
 .text.TIM0_voidInit
                0x000016f8       0x32 MCAL/timer0/tim0_program.o
                0x000016f8                TIM0_voidInit
 .text.TIM0_Start
                0x0000172a       0x1c MCAL/timer0/tim0_program.o
                0x0000172a                TIM0_Start
 .text.TIM0_Stop
                0x00001746       0x14 MCAL/timer0/tim0_program.o
                0x00001746                TIM0_Stop
 .text.TIM0_SetValue
                0x0000175a        0x4 MCAL/timer0/tim0_program.o
                0x0000175a                TIM0_SetValue
 .text.TIM0_GetOVF
                0x0000175e       0x14 MCAL/timer0/tim0_program.o
                0x0000175e                TIM0_GetOVF
 .text.TIM0_ClearOVF
                0x00001772        0x8 MCAL/timer0/tim0_program.o
                0x00001772                TIM0_ClearOVF
 .text.TIM0_GetState
                0x0000177a       0x20 MCAL/timer0/tim0_program.o
                0x0000177a                TIM0_GetState
 .text.__vector_11
                0x0000179a       0x7c MCAL/timer0/tim0_program.o
                0x0000179a                __vector_11
 .text.enuTimer2_init
                0x00001816       0x5c MCAL/timer/Timer_Source.o
                0x00001816                enuTimer2_init
 .text.u8Timer2_setPrescallar
                0x00001872       0x28 MCAL/timer/Timer_Source.o
                0x00001872                u8Timer2_setPrescallar
 .text.vidTimer2_OvfIrqEnable
                0x0000189a       0x10 MCAL/timer/Timer_Source.o
                0x0000189a                vidTimer2_OvfIrqEnable
 .text.vidTimer2_start
                0x000018aa       0x14 MCAL/timer/Timer_Source.o
                0x000018aa                vidTimer2_start
 .text.vidTimer2_stop
                0x000018be        0xe MCAL/timer/Timer_Source.o
                0x000018be                vidTimer2_stop
 .text.u8Timer2_setTime_ms
                0x000018cc       0xfa MCAL/timer/Timer_Source.o
                0x000018cc                u8Timer2_setTime_ms
 .text.vidTimer2_setcbf_OVF
                0x000019c6        0xe MCAL/timer/Timer_Source.o
                0x000019c6                vidTimer2_setcbf_OVF
 .text.__vector_5
                0x000019d4       0x6e MCAL/timer/Timer_Source.o
                0x000019d4                __vector_5
 .text.avr-libc.fplib
                0x00001a42        0xe c:/program files (x86)/atmel/studio/7.0/toolchain/avr8/avr8-gnu-toolchain/bin/../lib/gcc/avr/5.4.0/../../../../avr/lib/avr5\libm.a(addsf3.o)
                0x00001a42                __subsf3
                0x00001a44                __addsf3
 .text.avr-libc.fplib
                0x00001a50       0xcc c:/program files (x86)/atmel/studio/7.0/toolchain/avr8/avr8-gnu-toolchain/bin/../lib/gcc/avr/5.4.0/../../../../avr/lib/avr5\libm.a(addsf3x.o)
                0x00001a72                __addsf3x
 .text.avr-libc.fplib
                0x00001b1c        0xa c:/program files (x86)/atmel/studio/7.0/toolchain/avr8/avr8-gnu-toolchain/bin/../lib/gcc/avr/5.4.0/../../../../avr/lib/avr5\libm.a(cmpsf2.o)
                0x00001b1c                __nesf2
                0x00001b1c                __eqsf2
                0x00001b1c                __cmpsf2
                0x00001b1c                __ltsf2
                0x00001b1c                __lesf2
 .text.avr-libc.fplib
                0x00001b26        0x8 c:/program files (x86)/atmel/studio/7.0/toolchain/avr8/avr8-gnu-toolchain/bin/../lib/gcc/avr/5.4.0/../../../../avr/lib/avr5\libm.a(divsf3.o)
                0x00001b26                __divsf3
 .text.avr-libc.fplib
                0x00001b2e       0xdc c:/program files (x86)/atmel/studio/7.0/toolchain/avr8/avr8-gnu-toolchain/bin/../lib/gcc/avr/5.4.0/../../../../avr/lib/avr5\libm.a(divsf3x.o)
                0x00001b4e                __divsf3x
                0x00001b54                __divsf3_pse
 .text.avr-libc.fplib
                0x00001c0a       0x5e c:/program files (x86)/atmel/studio/7.0/toolchain/avr8/avr8-gnu-toolchain/bin/../lib/gcc/avr/5.4.0/../../../../avr/lib/avr5\libm.a(fixunssfsi.o)
                0x00001c0a                __fixunssfsi
 .text.avr-libc.fplib
                0x00001c68       0x7a c:/program files (x86)/atmel/studio/7.0/toolchain/avr8/avr8-gnu-toolchain/bin/../lib/gcc/avr/5.4.0/../../../../avr/lib/avr5\libm.a(floatsisf.o)
                0x00001c68                __floatunsisf
                0x00001c6c                __floatsisf
 .text.avr-libc.fplib
                0x00001ce2       0x48 c:/program files (x86)/atmel/studio/7.0/toolchain/avr8/avr8-gnu-toolchain/bin/../lib/gcc/avr/5.4.0/../../../../avr/lib/avr5\libm.a(fp_cmp.o)
                0x00001ce2                __fp_cmp
 .text.avr-libc.fplib
                0x00001d2a        0xc c:/program files (x86)/atmel/studio/7.0/toolchain/avr8/avr8-gnu-toolchain/bin/../lib/gcc/avr/5.4.0/../../../../avr/lib/avr5\libm.a(fp_inf.o)
                0x00001d2a                __fp_inf
 .text.avr-libc.fplib
                0x00001d36        0x6 c:/program files (x86)/atmel/studio/7.0/toolchain/avr8/avr8-gnu-toolchain/bin/../lib/gcc/avr/5.4.0/../../../../avr/lib/avr5\libm.a(fp_nan.o)
                0x00001d36                __fp_nan
 .text.avr-libc.fplib
                0x00001d3c        0xe c:/program files (x86)/atmel/studio/7.0/toolchain/avr8/avr8-gnu-toolchain/bin/../lib/gcc/avr/5.4.0/../../../../avr/lib/avr5\libm.a(fp_pscA.o)
                0x00001d3c                __fp_pscA
 .text.avr-libc.fplib
                0x00001d4a        0xe c:/program files (x86)/atmel/studio/7.0/toolchain/avr8/avr8-gnu-toolchain/bin/../lib/gcc/avr/5.4.0/../../../../avr/lib/avr5\libm.a(fp_pscB.o)
                0x00001d4a                __fp_pscB
 .text.avr-libc.fplib
                0x00001d58       0x22 c:/program files (x86)/atmel/studio/7.0/toolchain/avr8/avr8-gnu-toolchain/bin/../lib/gcc/avr/5.4.0/../../../../avr/lib/avr5\libm.a(fp_round.o)
                0x00001d58                __fp_round
 .text.avr-libc.fplib
                0x00001d7a       0x44 c:/program files (x86)/atmel/studio/7.0/toolchain/avr8/avr8-gnu-toolchain/bin/../lib/gcc/avr/5.4.0/../../../../avr/lib/avr5\libm.a(fp_split3.o)
                0x00001d7a                __fp_split3
                0x00001d8a                __fp_splitA
 .text.avr-libc.fplib
                0x00001dbe        0xe c:/program files (x86)/atmel/studio/7.0/toolchain/avr8/avr8-gnu-toolchain/bin/../lib/gcc/avr/5.4.0/../../../../avr/lib/avr5\libm.a(fp_zero.o)
                0x00001dbe                __fp_zero
                0x00001dc0                __fp_szero
 .text.avr-libc.fplib
                0x00001dcc        0x8 c:/program files (x86)/atmel/studio/7.0/toolchain/avr8/avr8-gnu-toolchain/bin/../lib/gcc/avr/5.4.0/../../../../avr/lib/avr5\libm.a(mulsf3.o)
                0x00001dcc                __mulsf3
 .text.avr-libc.fplib
                0x00001dd4       0xd2 c:/program files (x86)/atmel/studio/7.0/toolchain/avr8/avr8-gnu-toolchain/bin/../lib/gcc/avr/5.4.0/../../../../avr/lib/avr5\libm.a(mulsf3x.o)
                0x00001df2                __mulsf3x
                0x00001df8                __mulsf3_pse
 .text.libgcc.mul
                0x00001ea6       0x20 c:/program files (x86)/atmel/studio/7.0/toolchain/avr8/avr8-gnu-toolchain/bin/../lib/gcc/avr/5.4.0/avr5\libgcc.a(_mulsi3.o)
                0x00001ea6                __mulsi3
 .text.libgcc.div
                0x00001ec6       0x44 c:/program files (x86)/atmel/studio/7.0/toolchain/avr8/avr8-gnu-toolchain/bin/../lib/gcc/avr/5.4.0/avr5\libgcc.a(_udivmodsi4.o)
                0x00001ec6                __udivmodsi4
 .text.libgcc.mul
                0x00001f0a       0x16 c:/program files (x86)/atmel/studio/7.0/toolchain/avr8/avr8-gnu-toolchain/bin/../lib/gcc/avr/5.4.0/avr5\libgcc.a(_muluhisi3.o)
                0x00001f0a                __muluhisi3
 .text.libgcc.mul
                0x00001f20       0x1e c:/program files (x86)/atmel/studio/7.0/toolchain/avr8/avr8-gnu-toolchain/bin/../lib/gcc/avr/5.4.0/avr5\libgcc.a(_umulhisi3.o)
                0x00001f20                __umulhisi3
 .text.avr-libc
                0x00001f3e        0x8 c:/program files (x86)/atmel/studio/7.0/toolchain/avr8/avr8-gnu-toolchain/bin/../lib/gcc/avr/5.4.0/../../../../avr/lib/avr5\libc.a(atof.o)
                0x00001f3e                atof
 .text.avr-libc
                0x00001f46       0x12 c:/program files (x86)/atmel/studio/7.0/toolchain/avr8/avr8-gnu-toolchain/bin/../lib/gcc/avr/5.4.0/../../../../avr/lib/avr5\libc.a(strcmp.o)
                0x00001f46                strcmp
 .text.avr-libc
                0x00001f58        0xe c:/program files (x86)/atmel/studio/7.0/toolchain/avr8/avr8-gnu-toolchain/bin/../lib/gcc/avr/5.4.0/../../../../avr/lib/avr5\libc.a(strcpy.o)
                0x00001f58                strcpy
 .text.avr-libc
                0x00001f66      0x29c c:/program files (x86)/atmel/studio/7.0/toolchain/avr8/avr8-gnu-toolchain/bin/../lib/gcc/avr/5.4.0/../../../../avr/lib/avr5\libc.a(strtod.o)
                0x00001f66                strtod
 .text.avr-libc
                0x00002202       0x12 c:/program files (x86)/atmel/studio/7.0/toolchain/avr8/avr8-gnu-toolchain/bin/../lib/gcc/avr/5.4.0/../../../../avr/lib/avr5\libc.a(isspace.o)
                0x00002202                isspace
 .text.avr-libc
                0x00002214       0x30 c:/program files (x86)/atmel/studio/7.0/toolchain/avr8/avr8-gnu-toolchain/bin/../lib/gcc/avr/5.4.0/../../../../avr/lib/avr5\libc.a(strncasecmp_P.o)
                0x00002214                strncasecmp_P
 .text.avr-libc
                0x00002244        0x6 c:/program files (x86)/atmel/studio/7.0/toolchain/avr8/avr8-gnu-toolchain/bin/../lib/gcc/avr/5.4.0/../../../../avr/lib/avr5\libc.a(cty_isfalse.o)
                0x00002244                __ctype_isfalse
                0x00002248                __ctype_istrue
 .text.libgcc.prologue
                0x0000224a       0x38 c:/program files (x86)/atmel/studio/7.0/toolchain/avr8/avr8-gnu-toolchain/bin/../lib/gcc/avr/5.4.0/avr5\libgcc.a(_prologue.o)
                0x0000224a                __prologue_saves__
 .text.libgcc.prologue
                0x00002282       0x36 c:/program files (x86)/atmel/studio/7.0/toolchain/avr8/avr8-gnu-toolchain/bin/../lib/gcc/avr/5.4.0/avr5\libgcc.a(_epilogue.o)
                0x00002282                __epilogue_restores__
                0x000022b8                . = ALIGN (0x2)
 *(.fini9)
 .fini9         0x000022b8        0x0 c:/program files (x86)/atmel/studio/7.0/toolchain/avr8/avr8-gnu-toolchain/bin/../lib/gcc/avr/5.4.0/avr5\libgcc.a(_exit.o)
                0x000022b8                _exit
                0x000022b8                exit
 *(.fini9)
 *(.fini8)
 *(.fini8)
 *(.fini7)
 *(.fini7)
 *(.fini6)
 *(.fini6)
 *(.fini5)
 *(.fini5)
 *(.fini4)
 *(.fini4)
 *(.fini3)
 *(.fini3)
 *(.fini2)
 *(.fini2)
 *(.fini1)
 *(.fini1)
 *(.fini0)
 .fini0         0x000022b8        0x4 c:/program files (x86)/atmel/studio/7.0/toolchain/avr8/avr8-gnu-toolchain/bin/../lib/gcc/avr/5.4.0/avr5\libgcc.a(_exit.o)
 *(.fini0)
                0x000022bc                _etext = .

.data           0x00800060      0x24e load address 0x000022bc
                0x00800060                PROVIDE (__data_start, .)
 *(.data)
 *(.data*)
 .data.TriggerState
                0x00800060        0x1 APP/app.o
                0x00800060                TriggerState
 .data.Default_Entered_amount
                0x00800061        0x8 APP/app.o
                0x00800061                Default_Entered_amount
 .data.Entered_amount
                0x00800069        0x8 ATM_MODULE/atm.o
                0x00800069                Entered_amount
 .data.myState  0x00800071        0x1 ATM_MODULE/atm.o
                0x00800071                myState
 .data.accountsDB
                0x00800072       0xfa ATM_MODULE/database_check.o
                0x00800072                accountsDB
 .data.st_g_Buzzer
                0x0080016c        0x1 ECUAL/buzzer/buzzer.o
                0x0080016c                st_g_Buzzer
 .data.keys_arr
                0x0080016d        0x9 ECUAL/keypad/keypad.o
                0x0080016d                keys_arr
 .data.dataPin  0x00800176        0x4 ECUAL/lcd/lcd_config.o
                0x00800176                dataPin
 .data.pinReg   0x0080017a        0x8 MCAL/dio/dio_prog.o
                0x0080017a                pinReg
 .data.ddrReg   0x00800182        0x8 MCAL/dio/dio_prog.o
                0x00800182                ddrReg
 .data.portReg  0x0080018a        0x8 MCAL/dio/dio_prog.o
                0x0080018a                portReg
 *(.gnu.linkonce.d*)
 *(.rodata)
 *(.rodata*)
 .rodata.str1.1
                0x00800192       0x5b APP/app.o
 .rodata.str1.1
                0x008001ed       0xa3 ATM_MODULE/atm.o
 .rodata.str1.1
                0x00800290        0x8 ATM_MODULE/database_check.o
 .rodata.arr_gs_prescalers
                0x00800298        0xa ECUAL/htimer0/htimer0.o
 .rodata.prescaller_map
                0x008002a2        0xc MCAL/timer/Timer_Source.o
 *(.gnu.linkonce.r*)
                0x008002ae                . = ALIGN (0x2)
                0x008002ae                _edata = .
                0x008002ae                PROVIDE (__data_end, .)

.bss            0x008002ae       0x55
                0x008002ae                PROVIDE (__bss_start, .)
 *(.bss)
 *(.bss*)
 .bss.trialsFlag
                0x008002ae        0x1 APP/app.o
                0x008002ae                trialsFlag
 .bss.welcomeFlag
                0x008002af        0x1 APP/app.o
                0x008002af                welcomeFlag
 .bss.global_u8OVFCounter
                0x008002b0        0x1 APP/app.o
                0x008002b0                global_u8OVFCounter
 .bss.counter.2216
                0x008002b1        0x1 ATM_MODULE/atm.o
 .bss.ATMpin    0x008002b2        0x5 ATM_MODULE/atm.o
                0x008002b2                ATMpin
 .bss.ptrINT2   0x008002b7        0x2 MCAL/extint/extinterrupt.o
                0x008002b7                ptrINT2
 .bss.ptrINT1   0x008002b9        0x2 MCAL/extint/extinterrupt.o
                0x008002b9                ptrINT1
 .bss.ptrINT0   0x008002bb        0x2 MCAL/extint/extinterrupt.o
                0x008002bb                ptrINT0
 .bss.arr_g_SlaveRxBuffer
                0x008002bd        0xf MCAL/spi/spi_program.o
                0x008002bd                arr_g_SlaveRxBuffer
 .bss.pu8_g_SlaveTxPtr
                0x008002cc        0x2 MCAL/spi/spi_program.o
                0x008002cc                pu8_g_SlaveTxPtr
 .bss.u8_g_SlaveRxIndex
                0x008002ce        0x1 MCAL/spi/spi_program.o
                0x008002ce                u8_g_SlaveRxIndex
 .bss.u8_g_SlaveTxIndex
                0x008002cf        0x1 MCAL/spi/spi_program.o
                0x008002cf                u8_g_SlaveTxIndex
 .bss.TIM0_OVFCallbackFn
                0x008002d0        0x2 MCAL/timer0/tim0_program.o
                0x008002d0                TIM0_OVFCallbackFn
 .bss.u8_gs_OVFCount
                0x008002d2        0x1 MCAL/timer0/tim0_program.o
 .bss.u8_g_TotalOVF
                0x008002d3        0x1 MCAL/timer0/tim0_program.o
                0x008002d3                u8_g_TotalOVF
 .bss.counter.1731
                0x008002d4        0x1 MCAL/timer/Timer_Source.o
 .bss.globalCallFunc
                0x008002d5        0x2 MCAL/timer/Timer_Source.o
 .bss.preload   0x008002d7        0x2 MCAL/timer/Timer_Source.o
 .bss.global_ovf
                0x008002d9        0x1 MCAL/timer/Timer_Source.o
 .bss.global_timerStatus
                0x008002da        0x1 MCAL/timer/Timer_Source.o
 .bss.global_prescaller
                0x008002db        0x1 MCAL/timer/Timer_Source.o
 *(COMMON)
 COMMON         0x008002dc        0x5 APP/app.o
                0x008002dc                newAMOUNT
                0x008002e0                DB_CHECK
 COMMON         0x008002e1       0x1d ATM_MODULE/atm.o
                0x008002e1                CARDpin
                0x008002e9                buttonPressed
                0x008002ea                CARDpan
 COMMON         0x008002fe        0x3 MCAL/spi/spi_program.o
                0x008002fe                u8_g_SlaveReceive
                0x008002ff                u8_g_SlaveRxLen
                0x00800300                u8_g_SlaveTxLen
 COMMON         0x00800301        0x2 c:/program files (x86)/atmel/studio/7.0/toolchain/avr8/avr8-gnu-toolchain/bin/../lib/gcc/avr/5.4.0/../../../../avr/lib/avr5\libc.a(errno.o)
                0x00800301                errno
                0x00800303                PROVIDE (__bss_end, .)
                0x000022bc                __data_load_start = LOADADDR (.data)
                0x0000250a                __data_load_end = (__data_load_start + SIZEOF (.data))

.noinit         0x00800303        0x0
                [!provide]                PROVIDE (__noinit_start, .)
 *(.noinit*)
                [!provide]                PROVIDE (__noinit_end, .)
                0x00800303                _end = .
                [!provide]                PROVIDE (__heap_start, .)

.eeprom         0x00810000        0x0
 *(.eeprom*)
                0x00810000                __eeprom_end = .

.fuse
 *(.fuse)
 *(.lfuse)
 *(.hfuse)
 *(.efuse)

.lock
 *(.lock*)

.signature
 *(.signature*)

.user_signatures
 *(.user_signatures*)

.stab
 *(.stab)

.stabstr
 *(.stabstr)

.stab.excl
 *(.stab.excl)

.stab.exclstr
 *(.stab.exclstr)

.stab.index
 *(.stab.index)

.stab.indexstr
 *(.stab.indexstr)

.comment        0x00000000       0x5c
 *(.comment)
 .comment       0x00000000       0x30 APP/app.o
                                 0x31 (size before relaxing)
 .comment       0x00000030       0x31 ATM_MODULE/atm.o
 .comment       0x00000030       0x31 ATM_MODULE/database_check.o
 .comment       0x00000030       0x31 ECUAL/button/button.o
 .comment       0x00000030       0x31 ECUAL/buzzer/buzzer.o
 .comment       0x00000030       0x31 ECUAL/hspi/hspi_program.o
 .comment       0x00000030       0x31 ECUAL/htimer0/htimer0.o
 .comment       0x00000030       0x31 ECUAL/HTimer/HTimer.o
 .comment       0x00000030       0x31 ECUAL/h_ext_int/h_ext_int.o
 .comment       0x00000030       0x31 ECUAL/keypad/keypad.o
 .comment       0x00000030       0x31 ECUAL/lcd/lcd_config.o
 .comment       0x00000030       0x31 ECUAL/lcd/lcd_program.o
 .comment       0x00000030       0x31 main.o
 .comment       0x00000030       0x31 MCAL/dio/dio_prog.o
 .comment       0x00000030       0x31 MCAL/extint/extinterrupt.o
 .comment       0x00000030       0x31 MCAL/spi/spi_program.o
 .comment       0x00000030       0x31 MCAL/timer0/tim0_program.o
 .comment       0x00000030       0x31 MCAL/timer/Timer_Source.o
 .comment       0x00000030       0x31 c:/program files (x86)/atmel/studio/7.0/toolchain/avr8/avr8-gnu-toolchain/bin/../lib/gcc/avr/5.4.0/../../../../avr/lib/avr5\libc.a(strtod.o)
 .comment       0x00000030       0x2c c:/program files (x86)/atmel/studio/7.0/toolchain/avr8/avr8-gnu-toolchain/bin/../lib/gcc/avr/5.4.0/../../../../avr/lib/avr5\libc.a(errno.o)
                                 0x2d (size before relaxing)

.note.gnu.avr.deviceinfo
                0x00000000       0x3c
 .note.gnu.avr.deviceinfo
                0x00000000       0x3c C:/Program Files (x86)/Atmel/Studio/7.0/Packs/atmel/ATmega_DFP/1.7.374/gcc/dev/atmega32a/avr5/crtatmega32a.o

.note.gnu.build-id
 *(.note.gnu.build-id)

.debug
 *(.debug)

.line
 *(.line)

.debug_srcinfo
 *(.debug_srcinfo)

.debug_sfnames
 *(.debug_sfnames)

.debug_aranges  0x00000000      0x4b0
 *(.debug_aranges)
 .debug_aranges
                0x00000000       0x38 APP/app.o
 .debug_aranges
                0x00000038       0x60 ATM_MODULE/atm.o
 .debug_aranges
                0x00000098       0x40 ATM_MODULE/database_check.o
 .debug_aranges
                0x000000d8       0x30 ECUAL/button/button.o
 .debug_aranges
                0x00000108       0x28 ECUAL/buzzer/buzzer.o
 .debug_aranges
                0x00000130       0x60 ECUAL/hspi/hspi_program.o
 .debug_aranges
                0x00000190       0x30 ECUAL/htimer0/htimer0.o
 .debug_aranges
                0x000001c0       0x38 ECUAL/HTimer/HTimer.o
 .debug_aranges
                0x000001f8       0x20 ECUAL/h_ext_int/h_ext_int.o
 .debug_aranges
                0x00000218       0x40 ECUAL/keypad/keypad.o
 .debug_aranges
                0x00000258       0x18 ECUAL/lcd/lcd_config.o
 .debug_aranges
                0x00000270       0x70 ECUAL/lcd/lcd_program.o
 .debug_aranges
                0x000002e0       0x20 main.o
 .debug_aranges
                0x00000300       0x50 MCAL/dio/dio_prog.o
 .debug_aranges
                0x00000350       0x48 MCAL/extint/extinterrupt.o
 .debug_aranges
                0x00000398       0x48 MCAL/spi/spi_program.o
 .debug_aranges
                0x000003e0       0x70 MCAL/timer0/tim0_program.o
 .debug_aranges
                0x00000450       0x60 MCAL/timer/Timer_Source.o

.debug_pubnames
 *(.debug_pubnames)

.debug_info     0x00000000     0x609c
 *(.debug_info .gnu.linkonce.wi.*)
 .debug_info    0x00000000      0x4e6 C:/Program Files (x86)/Atmel/Studio/7.0/Packs/atmel/ATmega_DFP/1.7.374/gcc/dev/atmega32a/avr5/crtatmega32a.o
 .debug_info    0x000004e6      0x915 APP/app.o
 .debug_info    0x00000dfb      0xe4c ATM_MODULE/atm.o
 .debug_info    0x00001c47      0x4b5 ATM_MODULE/database_check.o
 .debug_info    0x000020fc      0x2fc ECUAL/button/button.o
 .debug_info    0x000023f8      0x2d0 ECUAL/buzzer/buzzer.o
 .debug_info    0x000026c8      0x7a9 ECUAL/hspi/hspi_program.o
 .debug_info    0x00002e71      0x47c ECUAL/htimer0/htimer0.o
 .debug_info    0x000032ed      0x2d7 ECUAL/HTimer/HTimer.o
 .debug_info    0x000035c4      0x1ac ECUAL/h_ext_int/h_ext_int.o
 .debug_info    0x00003770      0x781 ECUAL/keypad/keypad.o
 .debug_info    0x00003ef1      0x1c8 ECUAL/lcd/lcd_config.o
 .debug_info    0x000040b9      0xd91 ECUAL/lcd/lcd_program.o
 .debug_info    0x00004e4a       0xc6 main.o
 .debug_info    0x00004f10      0x4ce MCAL/dio/dio_prog.o
 .debug_info    0x000053de      0x2c1 MCAL/extint/extinterrupt.o
 .debug_info    0x0000569f      0x2e2 MCAL/spi/spi_program.o
 .debug_info    0x00005981      0x339 MCAL/timer0/tim0_program.o
 .debug_info    0x00005cba      0x3e2 MCAL/timer/Timer_Source.o

.debug_abbrev   0x00000000     0x1b25
 *(.debug_abbrev)
 .debug_abbrev  0x00000000      0x4a3 C:/Program Files (x86)/Atmel/Studio/7.0/Packs/atmel/ATmega_DFP/1.7.374/gcc/dev/atmega32a/avr5/crtatmega32a.o
 .debug_abbrev  0x000004a3      0x14f APP/app.o
 .debug_abbrev  0x000005f2      0x28e ATM_MODULE/atm.o
 .debug_abbrev  0x00000880      0x161 ATM_MODULE/database_check.o
 .debug_abbrev  0x000009e1       0xc6 ECUAL/button/button.o
 .debug_abbrev  0x00000aa7      0x10b ECUAL/buzzer/buzzer.o
 .debug_abbrev  0x00000bb2      0x173 ECUAL/hspi/hspi_program.o
 .debug_abbrev  0x00000d25      0x12d ECUAL/htimer0/htimer0.o
 .debug_abbrev  0x00000e52      0x114 ECUAL/HTimer/HTimer.o
 .debug_abbrev  0x00000f66       0xc4 ECUAL/h_ext_int/h_ext_int.o
 .debug_abbrev  0x0000102a      0x13d ECUAL/keypad/keypad.o
 .debug_abbrev  0x00001167       0x8a ECUAL/lcd/lcd_config.o
 .debug_abbrev  0x000011f1      0x30d ECUAL/lcd/lcd_program.o
 .debug_abbrev  0x000014fe       0x66 main.o
 .debug_abbrev  0x00001564       0xd6 MCAL/dio/dio_prog.o
 .debug_abbrev  0x0000163a      0x106 MCAL/extint/extinterrupt.o
 .debug_abbrev  0x00001740      0x17d MCAL/spi/spi_program.o
 .debug_abbrev  0x000018bd      0x137 MCAL/timer0/tim0_program.o
 .debug_abbrev  0x000019f4      0x131 MCAL/timer/Timer_Source.o

.debug_line     0x00000000     0x3051
 *(.debug_line .debug_line.* .debug_line_end)
 .debug_line    0x00000000      0x116 C:/Program Files (x86)/Atmel/Studio/7.0/Packs/atmel/ATmega_DFP/1.7.374/gcc/dev/atmega32a/avr5/crtatmega32a.o
 .debug_line    0x00000116      0x4ca APP/app.o
 .debug_line    0x000005e0      0x767 ATM_MODULE/atm.o
 .debug_line    0x00000d47      0x263 ATM_MODULE/database_check.o
 .debug_line    0x00000faa      0x112 ECUAL/button/button.o
 .debug_line    0x000010bc       0xf0 ECUAL/buzzer/buzzer.o
 .debug_line    0x000011ac      0x358 ECUAL/hspi/hspi_program.o
 .debug_line    0x00001504      0x26d ECUAL/htimer0/htimer0.o
 .debug_line    0x00001771      0x132 ECUAL/HTimer/HTimer.o
 .debug_line    0x000018a3       0xa1 ECUAL/h_ext_int/h_ext_int.o
 .debug_line    0x00001944      0x30f ECUAL/keypad/keypad.o
 .debug_line    0x00001c53       0x9f ECUAL/lcd/lcd_config.o
 .debug_line    0x00001cf2      0x5ae ECUAL/lcd/lcd_program.o
 .debug_line    0x000022a0       0x5b main.o
 .debug_line    0x000022fb      0x264 MCAL/dio/dio_prog.o
 .debug_line    0x0000255f      0x2c4 MCAL/extint/extinterrupt.o
 .debug_line    0x00002823      0x2bf MCAL/spi/spi_program.o
 .debug_line    0x00002ae2      0x25e MCAL/timer0/tim0_program.o
 .debug_line    0x00002d40      0x311 MCAL/timer/Timer_Source.o

.debug_frame    0x00000000      0xc34
 *(.debug_frame)
 .debug_frame   0x00000000       0x54 APP/app.o
 .debug_frame   0x00000054       0xf0 ATM_MODULE/atm.o
 .debug_frame   0x00000144       0xfc ATM_MODULE/database_check.o
 .debug_frame   0x00000240       0x44 ECUAL/button/button.o
 .debug_frame   0x00000284       0x40 ECUAL/buzzer/buzzer.o
 .debug_frame   0x000002c4      0x15c ECUAL/hspi/hspi_program.o
 .debug_frame   0x00000420       0xd4 ECUAL/htimer0/htimer0.o
 .debug_frame   0x000004f4       0x54 ECUAL/HTimer/HTimer.o
 .debug_frame   0x00000548       0x34 ECUAL/h_ext_int/h_ext_int.o
 .debug_frame   0x0000057c       0x94 ECUAL/keypad/keypad.o
 .debug_frame   0x00000610      0x168 ECUAL/lcd/lcd_program.o
 .debug_frame   0x00000778       0x24 main.o
 .debug_frame   0x0000079c       0x84 MCAL/dio/dio_prog.o
 .debug_frame   0x00000820      0x158 MCAL/extint/extinterrupt.o
 .debug_frame   0x00000978       0x9c MCAL/spi/spi_program.o
 .debug_frame   0x00000a14      0x10c MCAL/timer0/tim0_program.o
 .debug_frame   0x00000b20      0x114 MCAL/timer/Timer_Source.o

.debug_str      0x00000000     0x1903
 *(.debug_str)
 .debug_str     0x00000000      0x196 C:/Program Files (x86)/Atmel/Studio/7.0/Packs/atmel/ATmega_DFP/1.7.374/gcc/dev/atmega32a/avr5/crtatmega32a.o
 .debug_str     0x00000196      0x60d APP/app.o
                                0x68d (size before relaxing)
 .debug_str     0x000007a3      0x238 ATM_MODULE/atm.o
                                0x752 (size before relaxing)
 .debug_str     0x000009db      0x10e ATM_MODULE/database_check.o
                                0x36b (size before relaxing)
 .debug_str     0x00000ae9       0xe0 ECUAL/button/button.o
                                0x40e (size before relaxing)
 .debug_str     0x00000bc9       0x36 ECUAL/buzzer/buzzer.o
                                0x414 (size before relaxing)
 .debug_str     0x00000bff      0x1ae ECUAL/hspi/hspi_program.o
                                0x5c3 (size before relaxing)
 .debug_str     0x00000dad      0x2ca ECUAL/htimer0/htimer0.o
                                0x4c4 (size before relaxing)
 .debug_str     0x00001077      0x1be ECUAL/HTimer/HTimer.o
                                0x3c7 (size before relaxing)
 .debug_str     0x00001235       0x6e ECUAL/h_ext_int/h_ext_int.o
                                0x29f (size before relaxing)
 .debug_str     0x000012a3       0x43 ECUAL/keypad/keypad.o
                                0x438 (size before relaxing)
 .debug_str     0x000012e6       0x40 ECUAL/lcd/lcd_config.o
                                0x374 (size before relaxing)
 .debug_str     0x00001326      0x14f ECUAL/lcd/lcd_program.o
                                0x5cd (size before relaxing)
 .debug_str     0x00001475       0x11 main.o
                                0x1ca (size before relaxing)
 .debug_str     0x00001486       0xff MCAL/dio/dio_prog.o
                                0x495 (size before relaxing)
 .debug_str     0x00001585       0x89 MCAL/extint/extinterrupt.o
                                0x308 (size before relaxing)
 .debug_str     0x0000160e       0xe1 MCAL/spi/spi_program.o
                                0x383 (size before relaxing)
 .debug_str     0x000016ef       0xed MCAL/timer0/tim0_program.o
                                0x432 (size before relaxing)
 .debug_str     0x000017dc      0x127 MCAL/timer/Timer_Source.o
                                0x48f (size before relaxing)

.debug_loc      0x00000000     0x3413
 *(.debug_loc)
 .debug_loc     0x00000000      0x562 ATM_MODULE/atm.o
 .debug_loc     0x00000562      0x524 ATM_MODULE/database_check.o
 .debug_loc     0x00000a86       0x89 ECUAL/button/button.o
 .debug_loc     0x00000b0f       0xe5 ECUAL/buzzer/buzzer.o
 .debug_loc     0x00000bf4      0x5c9 ECUAL/hspi/hspi_program.o
 .debug_loc     0x000011bd      0x3eb ECUAL/htimer0/htimer0.o
 .debug_loc     0x000015a8       0x8f ECUAL/HTimer/HTimer.o
 .debug_loc     0x00001637       0xbf ECUAL/h_ext_int/h_ext_int.o
 .debug_loc     0x000016f6      0x10d ECUAL/keypad/keypad.o
 .debug_loc     0x00001803      0xb99 ECUAL/lcd/lcd_program.o
 .debug_loc     0x0000239c      0x546 MCAL/dio/dio_prog.o
 .debug_loc     0x000028e2      0x375 MCAL/extint/extinterrupt.o
 .debug_loc     0x00002c57      0x1a5 MCAL/spi/spi_program.o
 .debug_loc     0x00002dfc      0x27d MCAL/timer0/tim0_program.o
 .debug_loc     0x00003079      0x39a MCAL/timer/Timer_Source.o

.debug_macinfo
 *(.debug_macinfo)

.debug_weaknames
 *(.debug_weaknames)

.debug_funcnames
 *(.debug_funcnames)

.debug_typenames
 *(.debug_typenames)

.debug_varnames
 *(.debug_varnames)

.debug_pubtypes
 *(.debug_pubtypes)

.debug_ranges   0x00000000      0x388
 *(.debug_ranges)
 .debug_ranges  0x00000000       0x28 APP/app.o
 .debug_ranges  0x00000028       0x50 ATM_MODULE/atm.o
 .debug_ranges  0x00000078       0x30 ATM_MODULE/database_check.o
 .debug_ranges  0x000000a8       0x20 ECUAL/button/button.o
 .debug_ranges  0x000000c8       0x18 ECUAL/buzzer/buzzer.o
 .debug_ranges  0x000000e0       0x50 ECUAL/hspi/hspi_program.o
 .debug_ranges  0x00000130       0x20 ECUAL/htimer0/htimer0.o
 .debug_ranges  0x00000150       0x28 ECUAL/HTimer/HTimer.o
 .debug_ranges  0x00000178       0x10 ECUAL/h_ext_int/h_ext_int.o
 .debug_ranges  0x00000188       0x30 ECUAL/keypad/keypad.o
 .debug_ranges  0x000001b8       0x60 ECUAL/lcd/lcd_program.o
 .debug_ranges  0x00000218       0x10 main.o
 .debug_ranges  0x00000228       0x40 MCAL/dio/dio_prog.o
 .debug_ranges  0x00000268       0x38 MCAL/extint/extinterrupt.o
 .debug_ranges  0x000002a0       0x38 MCAL/spi/spi_program.o
 .debug_ranges  0x000002d8       0x60 MCAL/timer0/tim0_program.o
 .debug_ranges  0x00000338       0x50 MCAL/timer/Timer_Source.o

.debug_macro
 *(.debug_macro)
OUTPUT(ATM_MCU.elf elf32-avr)
LOAD linker stubs
